[nuss.uxper.co/boutique-hotel/index.html]
[nuss.uxper.co/wp-content/themes/nuss/assets/libs/font-awesome/webfonts/fa-regular-400.woff2]
[nuss.uxper.co/wp-content/themes/nuss/assets/libs/font-awesome/webfonts/fa-light-300.woff2]
[nuss.uxper.co/boutique-hotel/wp-content/cache/autoptimize/2/css/autoptimize_06612800ebf4cf7aba2fb8ecab1323b0.css]
[nuss.uxper.co/boutique-hotel/wp-content/cache/autoptimize/2/css/autoptimize_645e25746732f92ab8912b8a07744c57.css]
[backblue.gif]
[fade.gif]
[index.html]
[nuss.uxper.co/boutique-hotel/wp-content/cache/autoptimize/2/css/autoptimize_single_818012e4388a3ce13001eeaba0a6c771.css]
[nuss.uxper.co/boutique-hotel/wp-content/cache/autoptimize/2/css/autoptimize_single_71440b59ee4be0e755ccad2305999d0e.css]
[nuss.uxper.co/boutique-hotel/wp-content/cache/autoptimize/2/css/autoptimize_single_69dde41a6bda34fabeffb015b825987a.css]
[nuss.uxper.co/boutique-hotel/wp-includes/js/jquery/jquery.min.js]
[nuss.uxper.co/boutique-hotel/wp-includes/js/jquery/jquery-migrate.min.js]
[nuss.uxper.co/boutique-hotel/wp-content/plugins/woocommerce/assets/js/jquery-blockui/jquery.blockUI.min.js]
[nuss.uxper.co/boutique-hotel/wp-content/plugins/woocommerce/assets/js/frontend/add-to-cart.min.js]
[nuss.uxper.co/boutique-hotel/wp-content/plugins/woocommerce/assets/js/js-cookie/js.cookie.min.js]
[nuss.uxper.co/boutique-hotel/wp-content/plugins/woocommerce/assets/js/frontend/woocommerce.min.js]
[nuss.uxper.co/boutique-hotel/comments/feed/index.html]
[nuss.uxper.co/boutique-hotel/feed/index.html]
[nuss.uxper.co/boutique-hotel/wp-content/uploads/sites/2/2021/06/cropped-site_icon-100x100.png]
[nuss.uxper.co/boutique-hotel/wp-json/wp/v2/pages/12.json]
[nuss.uxper.co/boutique-hotel/wp-content/uploads/sites/2/2021/06/cropped-site_icon-300x300.png]
[nuss.uxper.co/boutique-hotel/wp-content/uploads/sites/2/2021/05/El-Moderne-_Habitaciones24_ALTA.jpg]
[nuss.uxper.co/boutique-hotel/wp-json/index.html]
[nuss.uxper.co/boutique-hotel/wp-content/uploads/sites/2/2021/11/photo-1598901865264-4f5f30954532.jpg]
[nuss.uxper.co/boutique-hotel/wp-content/fonts/cormorant-garamond/co3WmX5slCNuHLi8bLeY9MK7whWMhyjYrEPjuz-HzhO7_w.woff2]
[nuss.uxper.co/boutique-hotel/wp-content/fonts/cormorant-garamond/co3WmX5slCNuHLi8bLeY9MK7whWMhyjYrEPjuz-OzhO7_w.woff2]
[nuss.uxper.co/boutique-hotel/wp-content/fonts/cormorant-garamond/co3WmX5slCNuHLi8bLeY9MK7whWMhyjYrEPjuz-FzhO7_w.woff2]
[nuss.uxper.co/boutique-hotel/wp-content/fonts/cormorant-garamond/co3WmX5slCNuHLi8bLeY9MK7whWMhyjYrEPjuz-EzhO7_w.woff2]
[nuss.uxper.co/boutique-hotel/wp-content/fonts/cormorant-garamond/co3WmX5slCNuHLi8bLeY9MK7whWMhyjYrEPjuz-KzhM.woff2]
[nuss.uxper.co/boutique-hotel/wp-content/fonts/cormorant-garamond/co3ZmX5slCNuHLi8bLeY9MK7whWMhyjYrEtFmSq17w.woff2]
[nuss.uxper.co/boutique-hotel/wp-content/fonts/cormorant-garamond/co3ZmX5slCNuHLi8bLeY9MK7whWMhyjYrEtMmSq17w.woff2]
[nuss.uxper.co/boutique-hotel/wp-content/fonts/cormorant-garamond/co3ZmX5slCNuHLi8bLeY9MK7whWMhyjYrEtHmSq17w.woff2]
[nuss.uxper.co/boutique-hotel/wp-content/fonts/cormorant-garamond/co3ZmX5slCNuHLi8bLeY9MK7whWMhyjYrEtGmSq17w.woff2]
[nuss.uxper.co/boutique-hotel/wp-content/fonts/cormorant-garamond/co3ZmX5slCNuHLi8bLeY9MK7whWMhyjYrEtImSo.woff2]
[nuss.uxper.co/boutique-hotel/wp-content/fonts/cormorant-garamond/co3WmX5slCNuHLi8bLeY9MK7whWMhyjYrEO7uj-HzhO7_w.woff2]
[nuss.uxper.co/boutique-hotel/wp-content/fonts/cormorant-garamond/co3WmX5slCNuHLi8bLeY9MK7whWMhyjYrEO7uj-OzhO7_w.woff2]
[nuss.uxper.co/boutique-hotel/wp-content/fonts/cormorant-garamond/co3WmX5slCNuHLi8bLeY9MK7whWMhyjYrEO7uj-FzhO7_w.woff2]
[nuss.uxper.co/boutique-hotel/wp-content/fonts/cormorant-garamond/co3WmX5slCNuHLi8bLeY9MK7whWMhyjYrEO7uj-EzhO7_w.woff2]
[nuss.uxper.co/boutique-hotel/wp-content/fonts/cormorant-garamond/co3WmX5slCNuHLi8bLeY9MK7whWMhyjYrEO7uj-KzhM.woff2]
[nuss.uxper.co/boutique-hotel/wp-content/fonts/cormorant-garamond/co3WmX5slCNuHLi8bLeY9MK7whWMhyjYrEOXvT-HzhO7_w.woff2]
[nuss.uxper.co/boutique-hotel/wp-content/fonts/cormorant-garamond/co3WmX5slCNuHLi8bLeY9MK7whWMhyjYrEOXvT-OzhO7_w.woff2]
[nuss.uxper.co/boutique-hotel/wp-content/fonts/cormorant-garamond/co3WmX5slCNuHLi8bLeY9MK7whWMhyjYrEOXvT-FzhO7_w.woff2]
[nuss.uxper.co/boutique-hotel/wp-content/fonts/cormorant-garamond/co3WmX5slCNuHLi8bLeY9MK7whWMhyjYrEOXvT-EzhO7_w.woff2]
[nuss.uxper.co/boutique-hotel/wp-content/fonts/cormorant-garamond/co3WmX5slCNuHLi8bLeY9MK7whWMhyjYrEOXvT-KzhM.woff2]
[nuss.uxper.co/boutique-hotel/wp-content/fonts/cormorant-garamond/co3WmX5slCNuHLi8bLeY9MK7whWMhyjYrEPzvD-HzhO7_w.woff2]
[nuss.uxper.co/boutique-hotel/wp-content/fonts/cormorant-garamond/co3WmX5slCNuHLi8bLeY9MK7whWMhyjYrEPzvD-OzhO7_w.woff2]
[nuss.uxper.co/boutique-hotel/wp-content/fonts/cormorant-garamond/co3WmX5slCNuHLi8bLeY9MK7whWMhyjYrEPzvD-FzhO7_w.woff2]
[nuss.uxper.co/boutique-hotel/wp-content/fonts/cormorant-garamond/co3WmX5slCNuHLi8bLeY9MK7whWMhyjYrEPzvD-EzhO7_w.woff2]
[nuss.uxper.co/boutique-hotel/wp-content/fonts/cormorant-garamond/co3WmX5slCNuHLi8bLeY9MK7whWMhyjYrEPzvD-KzhM.woff2]
[nuss.uxper.co/boutique-hotel/wp-content/fonts/cormorant-garamond/co3YmX5slCNuHLi8bLeY9MK7whWMhyjQAllfsw-I1hc.woff2]
[nuss.uxper.co/boutique-hotel/wp-content/fonts/cormorant-garamond/co3YmX5slCNuHLi8bLeY9MK7whWMhyjQAllfug-I1hc.woff2]
[nuss.uxper.co/boutique-hotel/wp-content/fonts/cormorant-garamond/co3YmX5slCNuHLi8bLeY9MK7whWMhyjQAllfsQ-I1hc.woff2]
[nuss.uxper.co/boutique-hotel/wp-content/fonts/cormorant-garamond/co3YmX5slCNuHLi8bLeY9MK7whWMhyjQAllfsA-I1hc.woff2]
[nuss.uxper.co/boutique-hotel/wp-content/fonts/cormorant-garamond/co3YmX5slCNuHLi8bLeY9MK7whWMhyjQAllfvg-I.woff2]
[nuss.uxper.co/boutique-hotel/wp-content/fonts/cormorant-garamond/co3bmX5slCNuHLi8bLeY9MK7whWMhyjYpHtKgS4.woff2]
[nuss.uxper.co/boutique-hotel/wp-content/fonts/cormorant-garamond/co3bmX5slCNuHLi8bLeY9MK7whWMhyjYrXtKgS4.woff2]
[nuss.uxper.co/boutique-hotel/wp-content/fonts/cormorant-garamond/co3bmX5slCNuHLi8bLeY9MK7whWMhyjYpntKgS4.woff2]
[nuss.uxper.co/boutique-hotel/wp-content/fonts/cormorant-garamond/co3bmX5slCNuHLi8bLeY9MK7whWMhyjYp3tKgS4.woff2]
[nuss.uxper.co/boutique-hotel/wp-content/fonts/cormorant-garamond/co3bmX5slCNuHLi8bLeY9MK7whWMhyjYqXtK.woff2]
[nuss.uxper.co/boutique-hotel/wp-content/fonts/cormorant-garamond/co3YmX5slCNuHLi8bLeY9MK7whWMhyjQWlhfsw-I1hc.woff2]
[nuss.uxper.co/boutique-hotel/wp-content/fonts/cormorant-garamond/co3YmX5slCNuHLi8bLeY9MK7whWMhyjQWlhfug-I1hc.woff2]
[nuss.uxper.co/boutique-hotel/wp-content/fonts/cormorant-garamond/co3YmX5slCNuHLi8bLeY9MK7whWMhyjQWlhfsQ-I1hc.woff2]
[nuss.uxper.co/boutique-hotel/wp-content/fonts/cormorant-garamond/co3YmX5slCNuHLi8bLeY9MK7whWMhyjQWlhfsA-I1hc.woff2]
[nuss.uxper.co/boutique-hotel/wp-content/fonts/cormorant-garamond/co3YmX5slCNuHLi8bLeY9MK7whWMhyjQWlhfvg-I.woff2]
[nuss.uxper.co/boutique-hotel/wp-content/fonts/cormorant-garamond/co3YmX5slCNuHLi8bLeY9MK7whWMhyjQdl9fsw-I1hc.woff2]
[nuss.uxper.co/boutique-hotel/wp-content/fonts/cormorant-garamond/co3YmX5slCNuHLi8bLeY9MK7whWMhyjQdl9fug-I1hc.woff2]
[nuss.uxper.co/boutique-hotel/wp-content/fonts/cormorant-garamond/co3YmX5slCNuHLi8bLeY9MK7whWMhyjQdl9fsQ-I1hc.woff2]
[nuss.uxper.co/boutique-hotel/wp-content/fonts/cormorant-garamond/co3YmX5slCNuHLi8bLeY9MK7whWMhyjQdl9fsA-I1hc.woff2]
[nuss.uxper.co/boutique-hotel/wp-content/fonts/cormorant-garamond/co3YmX5slCNuHLi8bLeY9MK7whWMhyjQdl9fvg-I.woff2]
[nuss.uxper.co/boutique-hotel/wp-content/fonts/cormorant-garamond/co3YmX5slCNuHLi8bLeY9MK7whWMhyjQEl5fsw-I1hc.woff2]
[nuss.uxper.co/boutique-hotel/wp-content/fonts/cormorant-garamond/co3YmX5slCNuHLi8bLeY9MK7whWMhyjQEl5fug-I1hc.woff2]
[nuss.uxper.co/boutique-hotel/wp-content/fonts/cormorant-garamond/co3YmX5slCNuHLi8bLeY9MK7whWMhyjQEl5fsQ-I1hc.woff2]
[nuss.uxper.co/boutique-hotel/wp-content/fonts/cormorant-garamond/co3YmX5slCNuHLi8bLeY9MK7whWMhyjQEl5fsA-I1hc.woff2]
[nuss.uxper.co/boutique-hotel/wp-content/fonts/cormorant-garamond/co3YmX5slCNuHLi8bLeY9MK7whWMhyjQEl5fvg-I.woff2]
[nuss.uxper.co/boutique-hotel/wp-content/uploads/sites/2/elementor/thumbs/covid-19-update-paxrr88v4oyyg6u8f0e0wmcibl3y4yeqqsr2wkb0jk.png]
[nuss.uxper.co/boutique-hotel/wp-content/uploads/sites/2/2021/06/logo-white-boutiqe.svg]
[nuss.uxper.co/boutique-hotel/room-list/index.html]
[nuss.uxper.co/boutique-hotel/wp-content/uploads/sites/2/2021/05/El-Moderne-_Habitaciones29_ALTA.jpg]
[nuss.uxper.co/boutique-hotel/room-grid/index.html]
[nuss.uxper.co/boutique-hotel/ux_room/index.html]
[nuss.uxper.co/boutique-hotel/room-ziczac/index.html]
[nuss.uxper.co/boutique-hotel/ux_room/superior/index.html]
[nuss.uxper.co/boutique-hotel/wp-content/uploads/sites/2/2021/05/El-Moderne-_Habitaciones29_ALTA-570x420.jpg]
[nuss.uxper.co/boutique-hotel/ux_room/family-suite/index.html]
[nuss.uxper.co/boutique-hotel/ux_room/alpine-single-room/index.html]
[nuss.uxper.co/boutique-hotel/wp-content/uploads/sites/2/2021/05/El-Moderne-_Habitaciones35-570x420.jpg]
[nuss.uxper.co/boutique-hotel/ux_room/triple-room/index.html]
[nuss.uxper.co/boutique-hotel/ux_room/standard-single-room/index.html]
[nuss.uxper.co/boutique-hotel/wp-content/uploads/sites/2/2021/05/El-Moderne-_Habitaciones16_ALTA-570x420.jpg]
[nuss.uxper.co/boutique-hotel/all-calendar/index.html]
[nuss.uxper.co/boutique-hotel/wp-content/uploads/sites/2/2021/05/El-Moderne-_Habitaciones24_ALTA-570x420.jpg]
[nuss.uxper.co/boutique-hotel/blog-grid/index.html]
[nuss.uxper.co/boutique-hotel/blog-masonry/index.html]
[nuss.uxper.co/boutique-hotel/wp-content/uploads/sites/2/2021/05/El-Moderne-_Habitaciones44_ALTA-1-570x420.jpg]
[nuss.uxper.co/boutique-hotel/blog-standard/index.html]
[nuss.uxper.co/boutique-hotel/blog-list/index.html]
[nuss.uxper.co/boutique-hotel/about-us/index.html]
[nuss.uxper.co/boutique-hotel/wp-content/uploads/sites/2/2021/05/El-Moderne-_Habitaciones10_ALTA-570x420.jpg]
[nuss.uxper.co/boutique-hotel/our-story/index.html]
[nuss.uxper.co/boutique-hotel/restaurant/index.html]
[nuss.uxper.co/boutique-hotel/wp-content/uploads/sites/2/2021/05/El-Moderne-_Habitaciones50_ALTA-1-570x420.jpg]
[nuss.uxper.co/boutique-hotel/spa/index.html]
[nuss.uxper.co/boutique-hotel/meeting-room/index.html]
[nuss.uxper.co/boutique-hotel/wp-content/uploads/sites/2/2021/05/El-Moderne-_Habitaciones17-570x420.jpg]
[nuss.uxper.co/boutique-hotel/shop/index.html]
[nuss.uxper.co/boutique-hotel/weddings/index.html]
[nuss.uxper.co/boutique-hotel/wp-content/uploads/sites/2/2021/06/bg-video-restaurant.mp4]
[nuss.uxper.co/boutique-hotel/experiences/index.html]
[nuss.uxper.co/boutique-hotel/services/index.html]
[nuss.uxper.co/boutique-hotel/contact-us/index.html]
[nuss.uxper.co/boutique-hotel/wp-content/uploads/sites/2/2021/06/bg-video-massge.mp4]
[nuss.uxper.co/boutique-hotel/faqs/index.html]
[nuss.uxper.co/boutique-hotel/wp-content/uploads/sites/2/2021/05/El-Moderne-_Habitaciones02_ALTA-370x420.jpg]
[nuss.uxper.co/boutique-hotel/contact-us-3/index.html]
[nuss.uxper.co/boutique-hotel/contact-us-2/index.html]
[nuss.uxper.co/boutique-hotel/privacy-policy/index.html]
[nuss.uxper.co/boutique-hotel/wp-content/uploads/sites/2/2021/06/res-3-370x420.jpg]
[nuss.uxper.co/boutique-hotel/ux_room/junior-suite/index.html]
[nuss.uxper.co/boutique-hotel/wp-content/uploads/sites/2/2021/06/photo-1492552296703-4ec0a2fb3715-370x420.jpg]
[nuss.uxper.co/boutique-hotel/ux_room/superior-double-room/index.html]
[nuss.uxper.co/boutique-hotel/ux_room/deluxe-double-room/index.html]
[nuss.uxper.co/boutique-hotel/wp-content/uploads/sites/2/2024/01/ezgif.jpg]
[nuss.uxper.co/boutique-hotel/hotel-junes-upcoming-artist-in-residence/index.html]
[nuss.uxper.co/boutique-hotel/category/offer/index.html]
[nuss.uxper.co/boutique-hotel/wp-content/uploads/sites/2/2024/01/boutiq.jpg]
[nuss.uxper.co/boutique-hotel/cottonwood-cove-resort-marina/index.html]
[nuss.uxper.co/boutique-hotel/benefits-of-having-online-registration-at-your-hotel/index.html]
[nuss.uxper.co/boutique-hotel/wp-content/uploads/sites/2/2024/01/resort-2.jpg]
[nuss.uxper.co/boutique-hotel/wp-content/uploads/sites/2/2024/01/resort-3.jpg]
[nuss.uxper.co/boutique-hotel/category/news/index.html]
[nuss.uxper.co/boutique-hotel/wp-content/uploads/sites/2/2024/01/tree.jpg]
[nuss.uxper.co/boutique-hotel/wp-content/uploads/sites/2/2021/06/logo-aw-1@3x.png]
[nuss.uxper.co/boutique-hotel/wp-content/uploads/sites/2/2021/06/logo-aw-5@3x.png]
[nuss.uxper.co/boutique-hotel/wp-content/uploads/sites/2/2021/06/logo-aw-2@3x.png]
[nuss.uxper.co/boutique-hotel/wp-content/themes/nuss-child-demo/assets/images/logo.png]
[nuss.uxper.co/boutique-hotel/wp-content/themes/nuss-child-demo/assets/images/demo-07.jpg]
[nuss.uxper.co/boutique-hotel/wp-content/themes/nuss-child-demo/assets/images/demo-08.jpg]
[nuss.uxper.co/boutique-hotel/wp-content/themes/nuss-child-demo/assets/images/demo-05.png]
[nuss.uxper.co/boutique-hotel/wp-content/themes/nuss-child-demo/assets/images/demo-04.png]
[nuss.uxper.co/boutique-hotel/wp-content/themes/nuss-child-demo/assets/images/demo-06.png]
[nuss.uxper.co/boutique-hotel/wp-content/themes/nuss-child-demo/assets/images/demo-03.png]
[nuss.uxper.co/boutique-hotel/wp-content/themes/nuss-child-demo/assets/images/demo-02.png]
[nuss.uxper.co/boutique-hotel/wp-content/themes/nuss-child-demo/assets/images/demo-01.png]
[nuss.uxper.co/cdn-cgi/scripts/5c5dd728/cloudflare-static/email-decode.min.js]
[nuss.uxper.co/boutique-hotel/wp-content/cache/autoptimize/2/css/autoptimize_single_510beb153d4a625fa5b3eb2e5b1190eb.css]
[nuss.uxper.co/boutique-hotel/wp-content/cache/autoptimize/2/css/autoptimize_single_cf5bd157865f7c43aaf1964fbc2d2b13.css]
[nuss.uxper.co/boutique-hotel/wp-content/plugins/contact-form-7/includes/swv/js/index.js]
[nuss.uxper.co/boutique-hotel/wp-content/plugins/contact-form-7/includes/js/index.js]
[nuss.uxper.co/boutique-hotel/wp-content/plugins/woocommerce/assets/js/sourcebuster/sourcebuster.min.js]
[nuss.uxper.co/boutique-hotel/wp-content/plugins/woocommerce/assets/js/frontend/order-attribution.min.js]
[nuss.uxper.co/boutique-hotel/wp-content/themes/nuss-child-demo/script.js]
[nuss.uxper.co/boutique-hotel/wp-content/themes/nuss/assets/libs/lightgallery/js/lightgallery-all.min.js]
[nuss.uxper.co/boutique-hotel/wp-content/themes/nuss/assets/libs/growl/js/jquery.growl.min.js]
[nuss.uxper.co/boutique-hotel/wp-content/themes/nuss/assets/libs/isotope/js/isotope.pkgd.min.js]
[nuss.uxper.co/boutique-hotel/wp-content/themes/nuss/assets/libs/infinite-scroll/infinite-scroll.pkgd.min.js]
[nuss.uxper.co/boutique-hotel/wp-content/themes/nuss/assets/libs/packery/packery-mode.pkgd.min.js]
[nuss.uxper.co/boutique-hotel/wp-content/themes/nuss/assets/libs/swiper/js/swiper.min.js]
[nuss.uxper.co/boutique-hotel/wp-content/themes/nuss/assets/libs/waypoints/jquery.waypoints.js]
[nuss.uxper.co/boutique-hotel/wp-content/themes/nuss/assets/libs/smartmenus/jquery.smartmenus.js]
[nuss.uxper.co/boutique-hotel/wp-content/themes/nuss/assets/libs/smooth-scroll/SmoothScroll.min.js]
[nuss.uxper.co/boutique-hotel/wp-content/themes/nuss/assets/libs/smooth-scroll/jquery.smooth-scroll.min.js]
[nuss.uxper.co/boutique-hotel/wp-content/themes/nuss/assets/js/vendor.min.js]
[nuss.uxper.co/boutique-hotel/wp-content/plugins/uxper-booking/assets/libs/nice-select/js/jquery.nice-select.min.js]
[nuss.uxper.co/boutique-hotel/wp-content/plugins/uxper-booking/assets/libs/datepick/jquery.plugin.min.js]
[nuss.uxper.co/boutique-hotel/wp-content/plugins/uxper-booking/assets/libs/datepick/jquery.datepick.min.js]
[nuss.uxper.co/boutique-hotel/wp-content/plugins/uxper-booking/assets/libs/validate/jquery.validate.min.js]
[nuss.uxper.co/boutique-hotel/wp-content/plugins/uxper-booking/assets/js/room.js]
[nuss.uxper.co/boutique-hotel/wp-content/plugins/uxper-booking/assets/js/template.js]
[nuss.uxper.co/boutique-hotel/wp-content/plugins/uxper-booking/includes/payment/assets/js/payment.js]
[nuss.uxper.co/boutique-hotel/wp-content/themes/nuss/inc/elementor/assets/js/widgets/group-widget-carousel.js]
[nuss.uxper.co/boutique-hotel/wp-includes/js/imagesloaded.min.js]
[nuss.uxper.co/boutique-hotel/wp-content/themes/nuss/assets/js/grid-layout.js]
[nuss.uxper.co/boutique-hotel/wp-content/themes/nuss/inc/elementor/assets/js/widgets/widget-grid-post.js]
[nuss.uxper.co/boutique-hotel/wp-content/plugins/elfsight-instagram-feed-cc/assets/elfsight-instagram-feed.js]
[nuss.uxper.co/boutique-hotel/wp-content/plugins/elementor/assets/js/webpack.runtime.min.js]
[nuss.uxper.co/boutique-hotel/wp-content/plugins/elementor/assets/js/frontend-modules.min.js]
[nuss.uxper.co/boutique-hotel/wp-content/plugins/elementor/assets/lib/waypoints/waypoints.min.js]
[nuss.uxper.co/boutique-hotel/wp-includes/js/jquery/ui/core.min.js]
[nuss.uxper.co/boutique-hotel/wp-content/plugins/elementor/assets/js/frontend.min.js]
[nuss.uxper.co/boutique-hotel/wp-includes/js/underscore.min.js]
[nuss.uxper.co/boutique-hotel/wp-includes/js/wp-util.min.js]
[nuss.uxper.co/boutique-hotel/wp-content/plugins/wpforms-lite/assets/js/integrations/elementor/frontend.min.js]
[nuss.uxper.co/boutique-hotel/index.html]
[fonts.googleapis.com/css4983.css]
[gmpg.org/xfn/11.html]
[fonts.gstatic.com/index.html]
[nuss.uxper.co/boutique-hotel/wp-content/cache/autoptimize/2/css/autoptimize_e5797154ea8d964556b1d9bcd7f86e1f.css]
[nuss.uxper.co/boutique-hotel/ux_room/feed/index.html]
[nuss.uxper.co/boutique-hotel/wp-content/uploads/sites/2/2021/05/El-Moderne-_Habitaciones29_ALTA-510x360.jpg]
[nuss.uxper.co/boutique-hotel/wp-content/uploads/sites/2/2021/05/El-Moderne-_Habitaciones35-510x360.jpg]
[nuss.uxper.co/boutique-hotel/ux_room_type/double-room/index.html]
[nuss.uxper.co/boutique-hotel/ux_room_type/triple-room/index.html]
[nuss.uxper.co/boutique-hotel/ux_room_type/single-room/index.html]
[nuss.uxper.co/boutique-hotel/wp-content/uploads/sites/2/2021/05/El-Moderne-_Habitaciones35_ALTA-510x360.jpg]
[nuss.uxper.co/boutique-hotel/ux_room_type/junior-suite/index.html]
[nuss.uxper.co/boutique-hotel/wp-content/uploads/sites/2/2021/05/El-Moderne-_Habitaciones50_ALTA-1-510x360.jpg]
[nuss.uxper.co/boutique-hotel/wp-content/uploads/sites/2/2021/05/El-Moderne-_Baño06_ALTA-1-510x360.jpg]
[nuss.uxper.co/boutique-hotel/wp-content/uploads/sites/2/2021/05/El-Moderne-_Habitaciones02_ALTA-510x360.jpg]
[nuss.uxper.co/boutique-hotel/wp-content/uploads/sites/2/2021/05/El-Moderne-_Habitaciones17-510x360.jpg]
[nuss.uxper.co/boutique-hotel/wp-content/uploads/sites/2/2021/05/El-Moderne-_Baño11_ALTA-1-510x360.jpg]
[nuss.uxper.co/boutique-hotel/wp-content/uploads/sites/2/2021/05/El-Moderne-_Habitaciones37_ALTA-1-510x360.jpg]
[nuss.uxper.co/boutique-hotel/wp-content/uploads/sites/2/2021/05/El-Moderne-_Habitaciones16_ALTA-510x360.jpg]
[nuss.uxper.co/boutique-hotel/wp-content/uploads/sites/2/2021/05/El-Moderne-_Habitaciones24_ALTA-510x360.jpg]
[nuss.uxper.co/boutique-hotel/wp-content/uploads/sites/2/2021/05/El-Moderne-_Habitaciones25_ALTA-510x360.jpg]
[nuss.uxper.co/boutique-hotel/wp-content/uploads/sites/2/2021/05/El-Moderne-_Baño08_ALTA-1-510x360.jpg]
[nuss.uxper.co/boutique-hotel/wp-content/uploads/sites/2/2021/05/El-Moderne-_Habitaciones08_ALTA-510x360.jpg]
[nuss.uxper.co/boutique-hotel/wp-content/uploads/sites/2/2021/05/El-Moderne-_Habitaciones44_ALTA-1-510x360.jpg]
[nuss.uxper.co/boutique-hotel/wp-content/uploads/sites/2/2021/05/El-Moderne-_Habitaciones10_ALTA-510x360.jpg]
[nuss.uxper.co/boutique-hotel/ux_room/index.html]
[nuss.uxper.co/boutique-hotel/wp-content/uploads/sites/2/2021/05/El-Moderne-_Habitaciones23_ALTA-510x360.jpg]
[nuss.uxper.co/boutique-hotel/wp-content/uploads/sites/2/2021/05/El-Moderne-_Habitaciones10_ALTA.jpg]
[nuss.uxper.co/boutique-hotel/wp-content/cache/autoptimize/2/css/autoptimize_763278d48a49e10673d6ff2b085b5261.css]
[nuss.uxper.co/boutique-hotel/wp-content/cache/autoptimize/2/css/autoptimize_single_6c9995f09719dfff5e23bad5a39ff6ee.css]
[nuss.uxper.co/boutique-hotel/room-grid/index.html]
[nuss.uxper.co/boutique-hotel/wp-json/wp/v2/pages/4406.json]
[nuss.uxper.co/boutique-hotel/wp-content/cache/autoptimize/2/css/autoptimize_single_d9b6c8c24370644f0af531c5c0d91baf.css]
[nuss.uxper.co/boutique-hotel/ux_room_type/family-suite/index.html]
[nuss.uxper.co/boutique-hotel/room-list/index.html]
[nuss.uxper.co/boutique-hotel/wp-json/wp/v2/pages/4450.json]
[nuss.uxper.co/boutique-hotel/wp-content/cache/autoptimize/2/css/autoptimize_single_49c611897905c09435bfed21f439947b.css]
[nuss.uxper.co/boutique-hotel/room-list/page/2/index.html]
[nuss.uxper.co/boutique-hotel/room-ziczac/index.html]
[nuss.uxper.co/boutique-hotel/wp-json/wp/v2/pages/4462.json]
[nuss.uxper.co/boutique-hotel/wp-content/uploads/sites/2/2021/05/El-Moderne-_Habitaciones29_ALTA-1920x650.jpg]
[nuss.uxper.co/boutique-hotel/wp-content/uploads/sites/2/2021/05/El-Moderne-_Habitaciones35.jpg]
[nuss.uxper.co/boutique-hotel/wp-content/uploads/sites/2/2021/05/El-Moderne-_Habitaciones35-500x500.jpg]
[nuss.uxper.co/boutique-hotel/wp-content/uploads/sites/2/2021/05/El-Moderne-_Habitaciones35_ALTA.jpg]
[nuss.uxper.co/boutique-hotel/wp-content/uploads/sites/2/2021/05/El-Moderne-_Habitaciones35_ALTA-500x500.jpg]
[nuss.uxper.co/boutique-hotel/wp-content/uploads/sites/2/2021/05/El-Moderne-_Habitaciones50_ALTA-1.jpg]
[nuss.uxper.co/boutique-hotel/wp-content/uploads/sites/2/2021/05/El-Moderne-_Habitaciones50_ALTA-1-500x500.jpg]
[nuss.uxper.co/boutique-hotel/wp-content/uploads/sites/2/2021/05/El-Moderne-_Baño06_ALTA-1.jpg]
[nuss.uxper.co/boutique-hotel/wp-content/uploads/sites/2/2021/05/El-Moderne-_Baño06_ALTA-1-500x500.jpg]
[nuss.uxper.co/boutique-hotel/wp-content/uploads/sites/2/2021/05/El-Moderne-_Habitaciones02_ALTA.jpg]
[nuss.uxper.co/boutique-hotel/wp-content/uploads/sites/2/2021/05/El-Moderne-_Habitaciones02_ALTA-500x500.jpg]
[nuss.uxper.co/boutique-hotel/wp-content/uploads/sites/2/2021/04/dresser-drawers-2.svg]
[nuss.uxper.co/boutique-hotel/wp-content/uploads/sites/2/2021/06/breakfast-cereal.svg]
[nuss.uxper.co/boutique-hotel/wp-content/uploads/sites/2/2021/04/modern-tv-flat.svg]
[nuss.uxper.co/boutique-hotel/wp-content/uploads/sites/2/2021/04/bathroom-hair-dryer.svg]
[nuss.uxper.co/boutique-hotel/wp-content/uploads/sites/2/2021/04/laundry-iron.svg]
[nuss.uxper.co/boutique-hotel/wp-content/uploads/sites/2/2021/04/tea-kettle-1.svg]
[nuss.uxper.co/boutique-hotel/wp-content/uploads/sites/2/2021/04/saving-safe-1.svg]
[nuss.uxper.co/boutique-hotel/wp-content/uploads/sites/2/2021/04/bathroom-tub-towel.svg]
[nuss.uxper.co/boutique-hotel/wp-content/uploads/sites/2/2021/04/answer-machine.svg]
[nuss.uxper.co/boutique-hotel/wp-content/uploads/sites/2/2021/04/bathroom-hanger-1.svg]
[nuss.uxper.co/boutique-hotel/wp-content/uploads/sites/2/2021/04/wifi-check.svg]
[nuss.uxper.co/boutique-hotel/wp-content/uploads/sites/2/2021/04/airport-pickup.jpg]
[nuss.uxper.co/boutique-hotel/wp-content/uploads/sites/2/2021/04/office-chair-table.svg]
[nuss.uxper.co/boutique-hotel/wp-content/uploads/sites/2/2021/04/OD-1.png]
[nuss.uxper.co/boutique-hotel/ux_room/family-suite/index.html]
[nuss.uxper.co/boutique-hotel/wp-content/uploads/sites/2/2021/05/El-Moderne-_Habitaciones50_ALTA-1-1920x650.jpg]
[nuss.uxper.co/boutique-hotel/wp-content/uploads/sites/2/2021/05/El-Moderne-_Habitaciones25_ALTA.jpg]
[nuss.uxper.co/boutique-hotel/wp-content/uploads/sites/2/2021/05/El-Moderne-_Habitaciones25_ALTA-1920x650.jpg]
[nuss.uxper.co/boutique-hotel/wp-content/uploads/sites/2/2021/05/El-Moderne-_Baño06_ALTA-1-1920x650.jpg]
[nuss.uxper.co/boutique-hotel/wp-content/uploads/sites/2/2021/05/El-Moderne-_Habitaciones10_ALTA-1920x650.jpg]
[nuss.uxper.co/boutique-hotel/wp-content/uploads/sites/2/2021/05/El-Moderne-_Habitaciones16_ALTA.jpg]
[nuss.uxper.co/boutique-hotel/wp-content/uploads/sites/2/2021/05/El-Moderne-_Habitaciones16_ALTA-1920x650.jpg]
[nuss.uxper.co/boutique-hotel/ux_room/superior/index.html]
[nuss.uxper.co/boutique-hotel/wp-content/uploads/sites/2/2021/05/El-Moderne-_Habitaciones02_ALTA-1920x650.jpg]
[nuss.uxper.co/boutique-hotel/wp-content/uploads/sites/2/2021/05/El-Moderne-_Habitaciones24_ALTA-1920x650.jpg]
[nuss.uxper.co/boutique-hotel/wp-content/uploads/sites/2/2021/05/El-Moderne-_Baño08_ALTA-1.jpg]
[nuss.uxper.co/boutique-hotel/wp-content/uploads/sites/2/2021/05/El-Moderne-_Baño08_ALTA-1-1920x650.jpg]
[nuss.uxper.co/boutique-hotel/wp-content/uploads/sites/2/2021/05/El-Moderne-_Habitaciones08_ALTA.jpg]
[nuss.uxper.co/boutique-hotel/ux_room/triple-room/index.html]
[nuss.uxper.co/boutique-hotel/wp-content/uploads/sites/2/2021/05/El-Moderne-_Habitaciones08_ALTA-1920x650.jpg]
[nuss.uxper.co/boutique-hotel/wp-content/uploads/sites/2/2021/05/El-Moderne-_Habitaciones44_ALTA-1.jpg]
[nuss.uxper.co/boutique-hotel/wp-content/uploads/sites/2/2021/05/El-Moderne-_Habitaciones44_ALTA-1-1920x650.jpg]
[nuss.uxper.co/boutique-hotel/wp-content/uploads/sites/2/2021/05/El-Moderne-_Habitaciones37_ALTA-1.jpg]
[nuss.uxper.co/boutique-hotel/wp-content/uploads/sites/2/2021/05/El-Moderne-_Habitaciones37_ALTA-1-1920x650.jpg]
[nuss.uxper.co/boutique-hotel/wp-content/uploads/sites/2/2021/05/El-Moderne-_Habitaciones35-1920x650.jpg]
[nuss.uxper.co/boutique-hotel/wp-content/uploads/sites/2/2021/05/El-Moderne-_Baño11_ALTA-1.jpg]
[nuss.uxper.co/boutique-hotel/ux_room/alpine-single-room/index.html]
[nuss.uxper.co/boutique-hotel/wp-content/uploads/sites/2/2021/05/El-Moderne-_Baño11_ALTA-1-1920x650.jpg]
[nuss.uxper.co/boutique-hotel/wp-content/uploads/sites/2/2021/05/El-Moderne-_Habitaciones10_ALTA-500x500.jpg]
[nuss.uxper.co/boutique-hotel/wp-content/uploads/sites/2/2021/05/El-Moderne-_Habitaciones25_ALTA-500x500.jpg]
[nuss.uxper.co/boutique-hotel/wp-content/uploads/sites/2/2021/05/El-Moderne-_Habitaciones08_ALTA-500x500.jpg]
[nuss.uxper.co/boutique-hotel/wp-content/uploads/sites/2/2021/05/El-Moderne-_Baño11_ALTA-1-500x500.jpg]
[nuss.uxper.co/boutique-hotel/ux_room/standard-single-room/index.html]
[nuss.uxper.co/boutique-hotel/wp-content/uploads/sites/2/2021/06/31a629a6da0429538b8f143e648019b9af677153.jpg]
[nuss.uxper.co/boutique-hotel/wp-content/cache/autoptimize/2/css/autoptimize_ecf4d7c8cdd91093e3d6c5c8e6a727d8.css]
[nuss.uxper.co/boutique-hotel/wp-content/uploads/sites/2/2021/07/photo-1578990628400-94f031afbe3d.jpg]
[nuss.uxper.co/boutique-hotel/wp-content/cache/autoptimize/2/css/autoptimize_single_43b14b8b41e7b16c68c7d20b0437ad03.css]
[nuss.uxper.co/boutique-hotel/wp-json/wp/v2/pages/5844.json]
[nuss.uxper.co/boutique-hotel/all-calendar/index.html]
[nuss.uxper.co/boutique-hotel/wp-content/themes/nuss/inc/elementor/assets/js/widgets/widget-availability-calendar.js]
[nuss.uxper.co/boutique-hotel/wp-content/cache/autoptimize/2/css/autoptimize_df8fd1b3375db734a5dead98dfab393b.css]
[nuss.uxper.co/boutique-hotel/wp-content/cache/autoptimize/2/css/autoptimize_single_ad0732fedae764a22e596d0217537656.css]
[nuss.uxper.co/boutique-hotel/wp-json/wp/v2/pages/1867.json]
[nuss.uxper.co/boutique-hotel/wp-content/uploads/sites/2/2021/05/El-Moderne-_Habitaciones02_ALTA-740x740.jpg]
[nuss.uxper.co/boutique-hotel/blog/index.html]
[nuss.uxper.co/boutique-hotel/wp-content/uploads/sites/2/2021/06/res-3-740x740.jpg]
[nuss.uxper.co/boutique-hotel/wp-content/uploads/sites/2/2021/06/photo-1492552296703-4ec0a2fb3715-740x740.jpg]
[nuss.uxper.co/boutique-hotel/wp-content/uploads/sites/2/2021/06/post-5-740x740.jpg]
[nuss.uxper.co/boutique-hotel/wp-content/uploads/sites/2/2021/06/post-6-740x740.jpg]
[nuss.uxper.co/boutique-hotel/headwaters-at-eagle-ranch-resort/index.html]
[nuss.uxper.co/boutique-hotel/wp-content/uploads/sites/2/2021/06/post-7-740x740.jpg]
[nuss.uxper.co/boutique-hotel/food-rocks-food-festival-lyme-regis/index.html]
[nuss.uxper.co/boutique-hotel/your-hotel-digital-marketing-checklist/index.html]
[nuss.uxper.co/boutique-hotel/wp-content/uploads/sites/2/2021/06/post-8-740x740.jpg]
[nuss.uxper.co/boutique-hotel/seascape-coastal-retreat-cottages/index.html]
[nuss.uxper.co/boutique-hotel/wp-content/uploads/sites/2/2021/06/post-9-740x740.jpg]
[nuss.uxper.co/boutique-hotel/3-steps-to-streamline-your-hotels-social-media-strategy/index.html]
[nuss.uxper.co/boutique-hotel/wp-content/uploads/sites/2/2021/06/post-10-740x740.jpg]
[nuss.uxper.co/boutique-hotel/blog-grid/index.html]
[nuss.uxper.co/boutique-hotel/is-your-hotel-ready-for-summer-vacation-2021/index.html]
[nuss.uxper.co/boutique-hotel/wp-content/cache/autoptimize/2/css/autoptimize_single_526b8d460fe30bf1ebb33771dba42d24.css]
[nuss.uxper.co/boutique-hotel/wp-content/uploads/sites/2/2021/06/res-3.jpg]
[nuss.uxper.co/boutique-hotel/wp-json/wp/v2/pages/4265.json]
[nuss.uxper.co/boutique-hotel/wp-content/uploads/sites/2/2021/06/photo-1492552296703-4ec0a2fb3715.jpg]
[nuss.uxper.co/boutique-hotel/wp-content/uploads/sites/2/2021/06/post-5.jpg]
[nuss.uxper.co/boutique-hotel/wp-content/uploads/sites/2/2021/06/post-6.jpg]
[nuss.uxper.co/boutique-hotel/wp-content/uploads/sites/2/2021/06/post-7.jpg]
[nuss.uxper.co/boutique-hotel/wp-content/uploads/sites/2/2021/06/post-8.jpg]
[nuss.uxper.co/boutique-hotel/wp-content/uploads/sites/2/2021/06/post-9.jpg]
[nuss.uxper.co/boutique-hotel/blog-masonry/index.html]
[nuss.uxper.co/boutique-hotel/wp-content/uploads/sites/2/2021/06/post-10.jpg]
[nuss.uxper.co/boutique-hotel/wp-content/cache/autoptimize/2/css/autoptimize_single_d7009da7db72d1facc557f51b375e687.css]
[nuss.uxper.co/boutique-hotel/wp-json/wp/v2/pages/4267.json]
[nuss.uxper.co/boutique-hotel/wp-content/uploads/sites/2/2021/05/El-Moderne-_Habitaciones02_ALTA-840x540.jpg]
[nuss.uxper.co/boutique-hotel/wp-content/uploads/sites/2/2021/06/res-3-840x540.jpg]
[nuss.uxper.co/boutique-hotel/wp-content/uploads/sites/2/2021/06/photo-1492552296703-4ec0a2fb3715-840x540.jpg]
[nuss.uxper.co/boutique-hotel/wp-content/uploads/sites/2/2021/06/post-5-840x540.jpg]
[nuss.uxper.co/boutique-hotel/wp-content/uploads/sites/2/2021/06/post-6-840x540.jpg]
[nuss.uxper.co/boutique-hotel/blog-standard/index.html]
[nuss.uxper.co/boutique-hotel/wp-content/uploads/sites/2/2021/06/post-7-840x540.jpg]
[nuss.uxper.co/boutique-hotel/wp-content/cache/autoptimize/2/css/autoptimize_single_bd35cff376d69d2e6ee6d4730bf4c5da.css]
[nuss.uxper.co/boutique-hotel/blog-standard/page/2/index.html]
[nuss.uxper.co/boutique-hotel/2021/06/index.html]
[nuss.uxper.co/boutique-hotel/blog-list/index.html]
[nuss.uxper.co/boutique-hotel/wp-json/wp/v2/pages/4269.json]
[nuss.uxper.co/boutique-hotel/wp-content/uploads/sites/2/2021/06/background_hero_2.jpg]
[nuss.uxper.co/boutique-hotel/2021/04/index.html]
[nuss.uxper.co/boutique-hotel/wp-content/cache/autoptimize/2/css/autoptimize_single_c1d69e4899f3d371dd31d17b13653292.css]
[nuss.uxper.co/boutique-hotel/wp-content/uploads/sites/2/2021/05/sig.png]
[nuss.uxper.co/boutique-hotel/wp-json/wp/v2/pages/2103.json]
[nuss.uxper.co/boutique-hotel/wp-content/uploads/sites/2/2021/06/about-1.jpg]
[nuss.uxper.co/boutique-hotel/wp-content/uploads/sites/2/2021/05/El-Moderne-_Terraza04_ALTA_hor.jpg]
[nuss.uxper.co/boutique-hotel/wp-content/uploads/sites/2/2021/06/staff-3.jpg]
[nuss.uxper.co/boutique-hotel/wp-content/uploads/sites/2/2021/06/staff-2.jpg]
[nuss.uxper.co/boutique-hotel/wp-content/uploads/sites/2/2021/06/staff-1.jpg]
[nuss.uxper.co/boutique-hotel/wp-content/uploads/sites/2/2021/06/logo-aw-1.png]
[nuss.uxper.co/boutique-hotel/wp-content/uploads/sites/2/2021/06/logo-aw-2.png]
[nuss.uxper.co/boutique-hotel/wp-content/uploads/sites/2/2021/06/logo-aw-3.png]
[nuss.uxper.co/boutique-hotel/wp-content/uploads/sites/2/2021/06/logo-aw-4.png]
[nuss.uxper.co/boutique-hotel/wp-content/uploads/sites/2/2021/06/logo-aw-5.png]
[nuss.uxper.co/boutique-hotel/wp-content/plugins/elementor/assets/lib/jquery-numerator/jquery-numerator.min.js]
[nuss.uxper.co/boutique-hotel/about-us/index.html]
[nuss.uxper.co/boutique-hotel/wp-content/uploads/sites/2/2021/06/background_hero_1.jpg]
[nuss.uxper.co/boutique-hotel/wp-content/cache/autoptimize/2/css/autoptimize_single_2f0f74c622a35b99994d87955792561c.css]
[nuss.uxper.co/boutique-hotel/wp-json/wp/v2/pages/2104.json]
[nuss.uxper.co/boutique-hotel/wp-content/uploads/sites/2/2021/06/ser-2.jpg]
[nuss.uxper.co/boutique-hotel/wp-content/uploads/sites/2/2021/06/ser-4.jpg]
[nuss.uxper.co/boutique-hotel/our-story/index.html]
[nuss.uxper.co/boutique-hotel/wp-content/uploads/sites/2/2021/06/ser-3.jpg]
[nuss.uxper.co/boutique-hotel/wp-content/uploads/sites/2/2021/07/photo-1521917441209-e886f0404a7b.jpg]
[nuss.uxper.co/boutique-hotel/wp-content/cache/autoptimize/2/css/autoptimize_single_d47d9f2962c8445a9c8798c870484f52.css]
[nuss.uxper.co/boutique-hotel/wp-content/uploads/sites/2/2021/06/res-1.jpg]
[nuss.uxper.co/boutique-hotel/wp-json/wp/v2/pages/612.json]
[nuss.uxper.co/boutique-hotel/wp-content/uploads/sites/2/2021/06/res-2.jpg]
[nuss.uxper.co/boutique-hotel/wp-content/uploads/sites/2/2021/06/mn-1-150x150.jpg]
[nuss.uxper.co/boutique-hotel/wp-content/uploads/sites/2/2021/06/mn-2-150x150.jpg]
[nuss.uxper.co/boutique-hotel/wp-content/uploads/sites/2/2021/06/mn-3-150x150.jpg]
[nuss.uxper.co/boutique-hotel/wp-content/uploads/sites/2/2021/06/mn-4-150x150.jpg]
[nuss.uxper.co/boutique-hotel/wp-content/uploads/sites/2/2021/06/mn-6-150x150.jpg]
[nuss.uxper.co/boutique-hotel/wp-content/uploads/sites/2/2021/06/mn-7-150x150.jpg]
[nuss.uxper.co/boutique-hotel/wp-content/uploads/sites/2/2021/06/mn-8-150x150.jpg]
[nuss.uxper.co/boutique-hotel/wp-content/uploads/sites/2/2021/06/mn-10-150x150.jpg]
[nuss.uxper.co/boutique-hotel/wp-content/uploads/sites/2/2021/06/mn-11-150x150.jpg]
[nuss.uxper.co/boutique-hotel/wp-content/uploads/sites/2/2021/06/readme.pdf]
[nuss.uxper.co/boutique-hotel/wp-content/uploads/sites/2/2021/06/icon-tripadvisor@3x.png]
[nuss.uxper.co/boutique-hotel/restaurant/index.html]
[nuss.uxper.co/boutique-hotel/wp-content/cache/autoptimize/2/css/autoptimize_single_fd98e159a24368a2218f73a1718f2085.css]
[nuss.uxper.co/boutique-hotel/wp-json/wp/v2/pages/2108.json]
[nuss.uxper.co/boutique-hotel/wp-content/uploads/sites/2/2021/06/video-spa.mp4]
[nuss.uxper.co/boutique-hotel/wp-content/uploads/sites/2/2021/05/ico-play-black.png]
[nuss.uxper.co/boutique-hotel/wp-content/uploads/sites/2/2021/05/ico-pause-black.png]
[nuss.uxper.co/boutique-hotel/wp-content/uploads/sites/2/2021/06/massage-1.jpg]
[nuss.uxper.co/boutique-hotel/wp-content/uploads/sites/2/2021/06/yoga-1.jpg]
[nuss.uxper.co/boutique-hotel/wp-content/themes/nuss/inc/elementor/assets/js/widgets/widget-video.js]
[nuss.uxper.co/boutique-hotel/spa/index.html]
[nuss.uxper.co/boutique-hotel/wp-content/themes/nuss/inc/elementor/assets/js/widgets/widget-accordion.js]
[nuss.uxper.co/boutique-hotel/wp-content/uploads/sites/2/2021/06/bg-meeting-room.jpg]
[nuss.uxper.co/boutique-hotel/wp-content/cache/autoptimize/2/css/autoptimize_single_29753c6120417723252a07d9c2d418ff.css]
[nuss.uxper.co/boutique-hotel/wp-json/wp/v2/pages/2109.json]
[nuss.uxper.co/boutique-hotel/wp-content/uploads/sites/2/2021/06/package-1.jpg]
[nuss.uxper.co/boutique-hotel/wp-content/uploads/sites/2/2021/06/photo-1581887300522-654ef6e6386d.jpg]
[nuss.uxper.co/boutique-hotel/meeting-room/index.html]
[nuss.uxper.co/boutique-hotel/wp-content/uploads/sites/2/2021/06/meeting-room-floor-plan.png]
[nuss.uxper.co/boutique-hotel/wp-content/uploads/sites/2/2021/06/bg-wedding.jpg]
[nuss.uxper.co/boutique-hotel/wp-content/cache/autoptimize/2/css/autoptimize_single_fa7615c10b486c51c292b64e77ef62d3.css]
[nuss.uxper.co/boutique-hotel/wp-json/wp/v2/pages/2107.json]
[nuss.uxper.co/boutique-hotel/wp-content/uploads/sites/2/2021/06/wedding-1.jpg]
[nuss.uxper.co/boutique-hotel/wp-content/uploads/sites/2/2021/06/wedding-2.jpg]
[nuss.uxper.co/boutique-hotel/wp-content/uploads/sites/2/2021/06/wedding-3.jpg]
[nuss.uxper.co/boutique-hotel/wp-content/uploads/sites/2/2021/06/couple-2.jpg]
[nuss.uxper.co/boutique-hotel/wp-content/uploads/sites/2/2021/06/couple-1.jpg]
[nuss.uxper.co/boutique-hotel/weddings/index.html]
[nuss.uxper.co/boutique-hotel/wp-content/uploads/sites/2/2021/06/couple-3.jpg]
[nuss.uxper.co/boutique-hotel/wp-content/uploads/sites/2/2021/06/bd7c56f4-33fd-45ef-b189-eeb9199158bd_japangraph-bookmark-1@0_5x-370x420.jpg]
[nuss.uxper.co/boutique-hotel/shop/feed/index.html]
[nuss.uxper.co/boutique-hotel/wp-content/uploads/sites/2/2021/06/20e57096-34b8-4e75-b7e4-055798ab3af8_japangraph-bookmark-2@0_5x-370x420.jpg]
[nuss.uxper.co/boutique-hotel/product/cute-reading-distractor-bookmark/index.html]
[nuss.uxper.co/boutique-hotel/wp-content/uploads/sites/2/2021/06/14753ee4-608a-4bac-b55e-4c33e168c849_ayako-ring-blue-1@0_5x-370x420.jpg]
[nuss.uxper.co/boutique-hotel/wp-content/uploads/sites/2/2021/06/dce40578-5537-4483-8737-229a7b10503c_ayako-ring-blue-3@0_5x-370x420.jpg]
[nuss.uxper.co/boutique-hotel/wp-content/uploads/sites/2/2021/06/c43f318e-972a-4a98-984d-fc51064159ae_tokinoha-vase-round-white-1@0_5x-370x420.jpg]
[nuss.uxper.co/boutique-hotel/product/kintsugi-ring/index.html]
[nuss.uxper.co/boutique-hotel/wp-content/uploads/sites/2/2021/06/e9ed3a97-7a96-442a-a079-9acb65dc663c_tokinoha-vase-round-white-3@0_5x-370x420.jpg]
[nuss.uxper.co/boutique-hotel/product/little-breath-vase/index.html]
[nuss.uxper.co/boutique-hotel/wp-content/uploads/sites/2/2021/06/e2b9526b-5ce6-4a56-91f5-4b03dade7328_tokinoha-glass-dark-1@0_5x-370x420.jpg]
[nuss.uxper.co/boutique-hotel/wp-content/uploads/sites/2/2021/06/a49e6285-f893-4111-b1be-4cbf60b5c84e_tokinoha-glass-white-4@0_5x-370x420.jpg]
[nuss.uxper.co/boutique-hotel/product/night-time-treat-beer-glass/index.html]
[nuss.uxper.co/boutique-hotel/wp-content/uploads/sites/2/2021/06/1a989cda-199c-405c-8c53-eadbbc7276fd_tokinoha-bowl-white-1@0_5x-370x420.jpg]
[nuss.uxper.co/boutique-hotel/wp-content/uploads/sites/2/2021/06/3604bfb7-242b-47a2-af9b-cffbf55858d1_tokinoha-bowl-white-2@0_5x-370x420.jpg]
[nuss.uxper.co/boutique-hotel/product/normal-special-day-bowl/index.html]
[nuss.uxper.co/boutique-hotel/wp-content/uploads/sites/2/2021/06/7e11f4ff-63f1-4e58-afab-a164671c4217_ishikawa-vase-white-1@0_5x-370x420.jpg]
[nuss.uxper.co/boutique-hotel/wp-content/uploads/sites/2/2021/06/6981da46-1e16-434d-b94b-88e7e4f3034f_ishikawa-vase-white-2@0_5x-370x420.jpg]
[nuss.uxper.co/boutique-hotel/product/parisian-wabi-sabi-vase/index.html]
[nuss.uxper.co/boutique-hotel/wp-content/uploads/sites/2/2021/06/ce2cc9ee-0506-4c58-bf27-92d667bbf1c4_suzumeya-book-ink-red-1@0_5x-370x420.jpg]
[nuss.uxper.co/boutique-hotel/wp-content/uploads/sites/2/2021/06/62a8709a-a232-4e4a-b8c0-2ea0bc449a5f_suzumeya-book-ink-red-3@0_5x-370x420.jpg]
[nuss.uxper.co/boutique-hotel/product/poetry-notebook/index.html]
[nuss.uxper.co/boutique-hotel/wp-content/uploads/sites/2/2021/06/bb3c7d83-52b0-4b0d-a59f-de9f8c5b4c3f_suzumeya-book-thread-beige-1@0_5x-370x420.jpg]
[nuss.uxper.co/boutique-hotel/product/words-waving-notebook/index.html]
[nuss.uxper.co/boutique-hotel/shop/index.html]
[nuss.uxper.co/boutique-hotel/wp-content/uploads/sites/2/2021/06/7d8045e4-90a9-4a2b-baff-94e6d0d3bb13_suzumeya-book-binding-grey-4@0_5x-370x420.jpg]
[nuss.uxper.co/boutique-hotel/wp-content/uploads/sites/2/2021/06/photo-1510954919461-227e3cecb102.jpg]
[nuss.uxper.co/boutique-hotel/wp-content/cache/autoptimize/2/css/autoptimize_single_c89eaf5da15139946550626a9834a2e5.css]
[nuss.uxper.co/boutique-hotel/wp-content/uploads/sites/2/2021/06/cooking-class.jpg]
[nuss.uxper.co/boutique-hotel/wp-json/wp/v2/pages/2106.json]
[nuss.uxper.co/boutique-hotel/wp-content/uploads/sites/2/2021/06/yoga-class.jpg]
[nuss.uxper.co/boutique-hotel/wp-content/uploads/sites/2/2021/06/cycling.jpg]
[nuss.uxper.co/boutique-hotel/experiences/index.html]
[nuss.uxper.co/boutique-hotel/wp-content/uploads/sites/2/2021/06/bg-video-spa.jpg]
[nuss.uxper.co/boutique-hotel/wp-content/cache/autoptimize/2/css/autoptimize_single_4180df91fa59e3bc441d8ec809516604.css]
[nuss.uxper.co/boutique-hotel/wp-content/uploads/sites/2/2021/06/bg-restaurant.jpg]
[nuss.uxper.co/boutique-hotel/wp-json/wp/v2/pages/647.json]
[nuss.uxper.co/boutique-hotel/wp-content/uploads/sites/2/2021/06/bg-spa.jpg]
[nuss.uxper.co/boutique-hotel/wp-content/uploads/sites/2/2021/06/bg-fitness.jpg]
[nuss.uxper.co/boutique-hotel/services/index.html]
[nuss.uxper.co/boutique-hotel/wp-content/uploads/sites/2/2021/06/post-12.jpg]
[nuss.uxper.co/boutique-hotel/wp-content/cache/autoptimize/2/css/autoptimize_single_a9f524eb67ecb43e19b77c6531362051.css]
[nuss.uxper.co/boutique-hotel/contact-us/index.html]
[nuss.uxper.co/boutique-hotel/wp-json/wp/v2/pages/2100.json]
[nuss.uxper.co/boutique-hotel/wp-content/cache/autoptimize/2/css/autoptimize_single_a227bbb9abb04efd7c0db8dcddd3af5e.css]
[nuss.uxper.co/boutique-hotel/contact-us-2/index.html]
[nuss.uxper.co/boutique-hotel/wp-json/wp/v2/pages/2101.json]
[nuss.uxper.co/boutique-hotel/wp-content/cache/autoptimize/2/css/autoptimize_single_127baf91767d26019fdf78c76f993d00.css]
[nuss.uxper.co/boutique-hotel/wp-json/wp/v2/pages/2102.json]
[nuss.uxper.co/boutique-hotel/wp-content/themes/nuss/assets/libs/gmap3/gmap3.min.js]
[nuss.uxper.co/boutique-hotel/contact-us-3/index.html]
[nuss.uxper.co/boutique-hotel/wp-content/themes/nuss/inc/elementor/assets/js/widgets/widget-google-map.js]
[nuss.uxper.co/boutique-hotel/wp-content/uploads/sites/2/2021/06/bg-restaurant-1.jpg]
[nuss.uxper.co/boutique-hotel/wp-content/cache/autoptimize/2/css/autoptimize_single_42161bab2d00f3284b898672c915ae3f.css]
[nuss.uxper.co/boutique-hotel/faqs/index.html]
[nuss.uxper.co/boutique-hotel/wp-json/wp/v2/pages/2105.json]
[nuss.uxper.co/boutique-hotel/wp-content/cache/autoptimize/2/css/autoptimize_b3e9d2efdb0c9781244bd21e00a265d1.css]
[nuss.uxper.co/boutique-hotel/wp-content/cache/autoptimize/2/css/autoptimize_single_95e9e755c3424c1a12456bf90f96a31b.css]
[nuss.uxper.co/boutique-hotel/privacy-policy/feed/index.html]
[nuss.uxper.co/boutique-hotel/wp-json/wp/v2/pages/3.json]
[nuss.uxper.co/boutique-hotel/privacy-policy/index.html]
[nuss.uxper.co/boutique-hotel/wp-content/uploads/sites/2/2021/05/El-Moderne-_Habitaciones17.jpg]
[nuss.uxper.co/boutique-hotel/wp-content/uploads/sites/2/2021/05/El-Moderne-_Habitaciones17-500x500.jpg]
[nuss.uxper.co/boutique-hotel/ux_room/junior-suite/index.html]
[nuss.uxper.co/boutique-hotel/ux_room/deluxe-double-room/index.html]
[nuss.uxper.co/boutique-hotel/wp-content/uploads/sites/2/2021/05/El-Moderne-_Habitaciones37_ALTA-1-500x500.jpg]
[nuss.uxper.co/boutique-hotel/wp-content/uploads/sites/2/2021/05/El-Moderne-_Habitaciones17-1920x650.jpg]
[nuss.uxper.co/boutique-hotel/wp-content/uploads/sites/2/2021/05/El-Moderne-_Habitaciones23_ALTA.jpg]
[nuss.uxper.co/boutique-hotel/wp-content/uploads/sites/2/2021/05/El-Moderne-_Habitaciones23_ALTA-500x500.jpg]
[nuss.uxper.co/boutique-hotel/ux_room/superior-double-room/index.html]
[nuss.uxper.co/boutique-hotel/wp-content/uploads/sites/2/2021/05/El-Moderne-_Habitaciones24_ALTA-500x500.jpg]
[nuss.uxper.co/boutique-hotel/hotel-junes-upcoming-artist-in-residence/feed/index.html]
[nuss.uxper.co/boutique-hotel/wp-json/wp/v2/posts/2388.json]
[nuss.uxper.co/boutique-hotel/wp-content/uploads/sites/2/2021/06/post-3-740x740.jpg]
[nuss.uxper.co/boutique-hotel/wp-content/uploads/sites/2/2021/07/Artboard.png]
[nuss.uxper.co/boutique-hotel/breakfast-included-when-booking-the-junior-suite-copy/index.html]
[nuss.uxper.co/boutique-hotel/hotel-junes-upcoming-artist-in-residence/index.html]
[nuss.uxper.co/boutique-hotel/wp-includes/js/comment-reply.min.js]
[nuss.uxper.co/boutique-hotel/wp-json/wp/v2/categories/32.json]
[nuss.uxper.co/boutique-hotel/category/offer/index.html]
[nuss.uxper.co/boutique-hotel/category/offer/feed/index.html]
[nuss.uxper.co/boutique-hotel/cottonwood-cove-resort-marina/feed/index.html]
[nuss.uxper.co/boutique-hotel/cottonwood-cove-resort-marina/index.html]
[nuss.uxper.co/boutique-hotel/wp-json/wp/v2/posts/2389.json]
[nuss.uxper.co/boutique-hotel/wp-json/wp/v2/posts/2363.json]
[nuss.uxper.co/boutique-hotel/benefits-of-having-online-registration-at-your-hotel/feed/index.html]
[secure.gravatar.com/avatar/ab9ed13a675ddf1d31b4f86a129ea599326e.png]
[nuss.uxper.co/boutique-hotel/benefits-of-having-online-registration-at-your-hotel/index.html]
[nuss.uxper.co/boutique-hotel/benefits-of-having-online-registration-at-your-hotel/index6809.html]
[nuss.uxper.co/boutique-hotel/category/news/feed/index.html]
[nuss.uxper.co/boutique-hotel/wp-json/wp/v2/categories/31.json]
[nuss.uxper.co/boutique-hotel/wp-content/uploads/sites/2/2021/04/post-1-740x740.jpg]
[nuss.uxper.co/boutique-hotel/breakfast-included-when-booking-the-junior-suite-copy-copy/index.html]
[nuss.uxper.co/boutique-hotel/wp-content/uploads/sites/2/2021/06/post-2-740x740.jpg]
[nuss.uxper.co/boutique-hotel/category/news/index.html]
[gmpg.org/xfn/.html]
[gmpg.org/xfn/intro.html]
[gmpg.org/xfn/faq.html]
[nuss.uxper.co/boutique-hotel/ux_room_type/double-room/index.html]
[nuss.uxper.co/boutique-hotel/ux_room_type/single-room/index.html]
[nuss.uxper.co/boutique-hotel/ux_room_type/triple-room/index.html]
[nuss.uxper.co/boutique-hotel/breakfast-included-when-booking-the-junior-suite/index.html]
[nuss.uxper.co/boutique-hotel/ux_room_type/junior-suite/index.html]
[nuss.uxper.co/boutique-hotel/ux_room_type/single-room/feed/index.html]
[nuss.uxper.co/boutique-hotel/ux_room_type/family-suite/index.html]
[nuss.uxper.co/boutique-hotel/ux_room_type/family-suite/feed/index.html]
[nuss.uxper.co/boutique-hotel/room-list/page/2/index.html]
[nuss.uxper.co/boutique-hotel/blog/index.html]
[nuss.uxper.co/boutique-hotel/blog/page/2/index.html]
[nuss.uxper.co/boutique-hotel/ux_room_type/double-room/feed/index.html]
[nuss.uxper.co/boutique-hotel/ux_room_type/triple-room/feed/index.html]
[nuss.uxper.co/boutique-hotel/ux_room_type/junior-suite/feed/index.html]
[nuss.uxper.co/boutique-hotel/headwaters-at-eagle-ranch-resort/index.html]
[nuss.uxper.co/boutique-hotel/wp-json/wp/v2/posts/2364.json]
[nuss.uxper.co/boutique-hotel/headwaters-at-eagle-ranch-resort/feed/index.html]
[nuss.uxper.co/boutique-hotel/food-rocks-food-festival-lyme-regis/feed/index.html]
[nuss.uxper.co/boutique-hotel/food-rocks-food-festival-lyme-regis/index.html]
[nuss.uxper.co/boutique-hotel/wp-json/wp/v2/posts/2365.json]
[nuss.uxper.co/boutique-hotel/your-hotel-digital-marketing-checklist/feed/index.html]
[nuss.uxper.co/boutique-hotel/your-hotel-digital-marketing-checklist/index.html]
[nuss.uxper.co/boutique-hotel/wp-json/wp/v2/posts/2366.json]
[nuss.uxper.co/boutique-hotel/seascape-coastal-retreat-cottages/index.html]
[nuss.uxper.co/boutique-hotel/wp-json/wp/v2/posts/2367.json]
[nuss.uxper.co/boutique-hotel/seascape-coastal-retreat-cottages/feed/index.html]
[nuss.uxper.co/boutique-hotel/3-steps-to-streamline-your-hotels-social-media-strategy/feed/index.html]
[nuss.uxper.co/boutique-hotel/3-steps-to-streamline-your-hotels-social-media-strategy/index.html]
[nuss.uxper.co/boutique-hotel/wp-json/wp/v2/posts/2368.json]
[nuss.uxper.co/boutique-hotel/is-your-hotel-ready-for-summer-vacation-2021/feed/index.html]
[nuss.uxper.co/boutique-hotel/is-your-hotel-ready-for-summer-vacation-2021/index.html]
[nuss.uxper.co/boutique-hotel/blog-standard/page/2/index.html]
[nuss.uxper.co/boutique-hotel/2021/06/index.html]
[nuss.uxper.co/boutique-hotel/2021/04/index.html]
[fonts.googleapis.com/cssb19c.css]
[nuss.uxper.co/boutique-hotel/wp-json/wp/v2/posts/2369.json]
[nuss.uxper.co/boutique-hotel/wp-content/cache/autoptimize/2/css/autoptimize_bb7c942205888c960e9e74f7f7c5df05.css]
[nuss.uxper.co/boutique-hotel/wp-content/plugins/woocommerce/assets/js/zoom/jquery.zoom.min.js]
[nuss.uxper.co/boutique-hotel/product/cute-reading-distractor-bookmark/feed/index.html]
[nuss.uxper.co/boutique-hotel/wp-content/plugins/woocommerce/assets/js/photoswipe/photoswipe.min.js]
[nuss.uxper.co/boutique-hotel/wp-content/plugins/woocommerce/assets/js/photoswipe/photoswipe-ui-default.min.js]
[nuss.uxper.co/boutique-hotel/wp-content/plugins/woocommerce/assets/js/frontend/single-product.min.js]
[nuss.uxper.co/boutique-hotel/wp-json/wp/v2/product/3034.json]
[nuss.uxper.co/boutique-hotel/wp-content/uploads/sites/2/2021/06/bd7c56f4-33fd-45ef-b189-eeb9199158bd_japangraph-bookmark-1@0_5x.jpg]
[nuss.uxper.co/boutique-hotel/product-category/lifestyle/index.html]
[nuss.uxper.co/boutique-hotel/wp-content/uploads/sites/2/2021/06/bd7c56f4-33fd-45ef-b189-eeb9199158bd_japangraph-bookmark-1@0_5x-600x600.jpg]
[nuss.uxper.co/boutique-hotel/wp-content/uploads/sites/2/2021/06/20e57096-34b8-4e75-b7e4-055798ab3af8_japangraph-bookmark-2@0_5x.jpg]
[nuss.uxper.co/boutique-hotel/wp-content/uploads/sites/2/2021/06/20e57096-34b8-4e75-b7e4-055798ab3af8_japangraph-bookmark-2@0_5x-100x100.jpg]
[nuss.uxper.co/boutique-hotel/wp-content/uploads/sites/2/2021/06/ff8385ad-b6ee-4267-b469-f2f6fb3da77f_japangraph-bookmark-3@0_5x.jpg]
[nuss.uxper.co/boutique-hotel/product/cute-reading-distractor-bookmark/index.html]
[nuss.uxper.co/boutique-hotel/wp-content/uploads/sites/2/2021/06/ff8385ad-b6ee-4267-b469-f2f6fb3da77f_japangraph-bookmark-3@0_5x-100x100.jpg]
[nuss.uxper.co/boutique-hotel/wp-json/wp/v2/product/3046.json]
[nuss.uxper.co/boutique-hotel/product/kintsugi-ring/feed/index.html]
[nuss.uxper.co/boutique-hotel/wp-content/uploads/sites/2/2021/06/14753ee4-608a-4bac-b55e-4c33e168c849_ayako-ring-blue-1@0_5x.jpg]
[nuss.uxper.co/boutique-hotel/wp-content/uploads/sites/2/2021/06/14753ee4-608a-4bac-b55e-4c33e168c849_ayako-ring-blue-1@0_5x-600x600.jpg]
[nuss.uxper.co/boutique-hotel/product-category/jewelry/index.html]
[nuss.uxper.co/boutique-hotel/wp-content/uploads/sites/2/2021/06/dce40578-5537-4483-8737-229a7b10503c_ayako-ring-blue-3@0_5x.jpg]
[nuss.uxper.co/boutique-hotel/wp-content/uploads/sites/2/2021/06/dce40578-5537-4483-8737-229a7b10503c_ayako-ring-blue-3@0_5x-100x100.jpg]
[nuss.uxper.co/boutique-hotel/wp-content/uploads/sites/2/2021/06/def8fe2d-8aa0-4f1f-9824-1ff3c1e97628_ayako-ring-blue-2@0_5x.jpg]
[nuss.uxper.co/boutique-hotel/product/kintsugi-ring/index.html]
[nuss.uxper.co/boutique-hotel/wp-content/uploads/sites/2/2021/06/def8fe2d-8aa0-4f1f-9824-1ff3c1e97628_ayako-ring-blue-2@0_5x-100x100.jpg]
[nuss.uxper.co/boutique-hotel/wp-json/wp/v2/product/3030.json]
[nuss.uxper.co/boutique-hotel/product/little-breath-vase/feed/index.html]
[nuss.uxper.co/boutique-hotel/wp-content/uploads/sites/2/2021/06/c43f318e-972a-4a98-984d-fc51064159ae_tokinoha-vase-round-white-1@0_5x.jpg]
[nuss.uxper.co/boutique-hotel/product-category/tableware/index.html]
[nuss.uxper.co/boutique-hotel/wp-content/uploads/sites/2/2021/06/c43f318e-972a-4a98-984d-fc51064159ae_tokinoha-vase-round-white-1@0_5x-600x600.jpg]
[nuss.uxper.co/boutique-hotel/wp-content/uploads/sites/2/2021/06/e9ed3a97-7a96-442a-a079-9acb65dc663c_tokinoha-vase-round-white-3@0_5x.jpg]
[nuss.uxper.co/boutique-hotel/wp-content/uploads/sites/2/2021/06/e9ed3a97-7a96-442a-a079-9acb65dc663c_tokinoha-vase-round-white-3@0_5x-100x100.jpg]
[nuss.uxper.co/boutique-hotel/wp-content/uploads/sites/2/2021/06/49bbeefe-c6f8-4d88-8a06-e8d3265f9f07_tokinoha-vase-round-white-2@0_5x.jpg]
[nuss.uxper.co/boutique-hotel/product/little-breath-vase/index.html]
[nuss.uxper.co/boutique-hotel/wp-content/uploads/sites/2/2021/06/49bbeefe-c6f8-4d88-8a06-e8d3265f9f07_tokinoha-vase-round-white-2@0_5x-100x100.jpg]
[nuss.uxper.co/boutique-hotel/wp-json/wp/v2/product/3042.json]
[nuss.uxper.co/boutique-hotel/product/night-time-treat-beer-glass/feed/index.html]
[nuss.uxper.co/boutique-hotel/wp-content/uploads/sites/2/2021/06/e2b9526b-5ce6-4a56-91f5-4b03dade7328_tokinoha-glass-dark-1@0_5x.jpg]
[nuss.uxper.co/boutique-hotel/wp-content/uploads/sites/2/2021/06/e2b9526b-5ce6-4a56-91f5-4b03dade7328_tokinoha-glass-dark-1@0_5x-600x600.jpg]
[nuss.uxper.co/boutique-hotel/product-category/decoration/index.html]
[nuss.uxper.co/boutique-hotel/wp-content/uploads/sites/2/2021/06/a49e6285-f893-4111-b1be-4cbf60b5c84e_tokinoha-glass-white-4@0_5x.jpg]
[nuss.uxper.co/boutique-hotel/wp-content/uploads/sites/2/2021/06/a49e6285-f893-4111-b1be-4cbf60b5c84e_tokinoha-glass-white-4@0_5x-100x100.jpg]
[nuss.uxper.co/boutique-hotel/wp-content/uploads/sites/2/2021/06/ceb301fb-0b4c-46dd-901f-9e15ed15898f_tokinoha-glass-dark-2@0_5x.jpg]
[nuss.uxper.co/boutique-hotel/wp-content/uploads/sites/2/2021/06/ceb301fb-0b4c-46dd-901f-9e15ed15898f_tokinoha-glass-dark-2@0_5x-100x100.jpg]
[nuss.uxper.co/boutique-hotel/product/night-time-treat-beer-glass/index.html]
[nuss.uxper.co/boutique-hotel/product/normal-special-day-bowl/feed/index.html]
[nuss.uxper.co/boutique-hotel/wp-json/wp/v2/product/3018.json]
[nuss.uxper.co/boutique-hotel/wp-content/uploads/sites/2/2021/06/1a989cda-199c-405c-8c53-eadbbc7276fd_tokinoha-bowl-white-1@0_5x.jpg]
[nuss.uxper.co/boutique-hotel/wp-content/uploads/sites/2/2021/06/1a989cda-199c-405c-8c53-eadbbc7276fd_tokinoha-bowl-white-1@0_5x-600x438.jpg]
[nuss.uxper.co/boutique-hotel/wp-content/uploads/sites/2/2021/06/3604bfb7-242b-47a2-af9b-cffbf55858d1_tokinoha-bowl-white-2@0_5x.jpg]
[nuss.uxper.co/boutique-hotel/wp-content/uploads/sites/2/2021/06/3604bfb7-242b-47a2-af9b-cffbf55858d1_tokinoha-bowl-white-2@0_5x-100x100.jpg]
[nuss.uxper.co/boutique-hotel/wp-content/uploads/sites/2/2021/06/25aac58a-8f9e-4a6f-820b-facb860a9068_tokinoha-bowl-green-4@0_5x.jpg]
[nuss.uxper.co/boutique-hotel/product/normal-special-day-bowl/index.html]
[nuss.uxper.co/boutique-hotel/wp-content/uploads/sites/2/2021/06/25aac58a-8f9e-4a6f-820b-facb860a9068_tokinoha-bowl-green-4@0_5x-100x100.jpg]
[nuss.uxper.co/boutique-hotel/product/parisian-wabi-sabi-vase/feed/index.html]
[nuss.uxper.co/boutique-hotel/wp-json/wp/v2/product/3038.json]
[nuss.uxper.co/boutique-hotel/wp-content/uploads/sites/2/2021/06/7e11f4ff-63f1-4e58-afab-a164671c4217_ishikawa-vase-white-1@0_5x.jpg]
[nuss.uxper.co/boutique-hotel/wp-content/uploads/sites/2/2021/06/7e11f4ff-63f1-4e58-afab-a164671c4217_ishikawa-vase-white-1@0_5x-600x600.jpg]
[nuss.uxper.co/boutique-hotel/wp-content/uploads/sites/2/2021/06/6981da46-1e16-434d-b94b-88e7e4f3034f_ishikawa-vase-white-2@0_5x.jpg]
[nuss.uxper.co/boutique-hotel/wp-content/uploads/sites/2/2021/06/6981da46-1e16-434d-b94b-88e7e4f3034f_ishikawa-vase-white-2@0_5x-100x100.jpg]
[nuss.uxper.co/boutique-hotel/wp-content/uploads/sites/2/2021/06/a8d55ad0-028e-4156-b2f1-a1c099092ce9_ishikawa-vase-white-4@0_5x.jpg]
[nuss.uxper.co/boutique-hotel/product/parisian-wabi-sabi-vase/index.html]
[nuss.uxper.co/boutique-hotel/wp-content/uploads/sites/2/2021/06/a8d55ad0-028e-4156-b2f1-a1c099092ce9_ishikawa-vase-white-4@0_5x-100x100.jpg]
[nuss.uxper.co/boutique-hotel/product/poetry-notebook/feed/index.html]
[nuss.uxper.co/boutique-hotel/wp-json/wp/v2/product/3022.json]
[nuss.uxper.co/boutique-hotel/wp-content/uploads/sites/2/2021/06/ce2cc9ee-0506-4c58-bf27-92d667bbf1c4_suzumeya-book-ink-red-1@0_5x.jpg]
[nuss.uxper.co/boutique-hotel/wp-content/uploads/sites/2/2021/06/ce2cc9ee-0506-4c58-bf27-92d667bbf1c4_suzumeya-book-ink-red-1@0_5x-600x438.jpg]
[nuss.uxper.co/boutique-hotel/wp-content/uploads/sites/2/2021/06/62a8709a-a232-4e4a-b8c0-2ea0bc449a5f_suzumeya-book-ink-red-3@0_5x.jpg]
[nuss.uxper.co/boutique-hotel/wp-content/uploads/sites/2/2021/06/62a8709a-a232-4e4a-b8c0-2ea0bc449a5f_suzumeya-book-ink-red-3@0_5x-100x100.jpg]
[nuss.uxper.co/boutique-hotel/wp-content/uploads/sites/2/2021/06/a63141df-2bea-44e8-975d-b2ae3dd62be5_suzumeya-book-ink-red-2@0_5x.jpg]
[nuss.uxper.co/boutique-hotel/product/poetry-notebook/index.html]
[nuss.uxper.co/boutique-hotel/wp-content/uploads/sites/2/2021/06/a63141df-2bea-44e8-975d-b2ae3dd62be5_suzumeya-book-ink-red-2@0_5x-100x100.jpg]
[nuss.uxper.co/boutique-hotel/wp-json/wp/v2/product/3026.json]
[nuss.uxper.co/boutique-hotel/product/words-waving-notebook/feed/index.html]
[nuss.uxper.co/boutique-hotel/wp-content/uploads/sites/2/2021/06/bb3c7d83-52b0-4b0d-a59f-de9f8c5b4c3f_suzumeya-book-thread-beige-1@0_5x.jpg]
[nuss.uxper.co/boutique-hotel/wp-content/uploads/sites/2/2021/06/bb3c7d83-52b0-4b0d-a59f-de9f8c5b4c3f_suzumeya-book-thread-beige-1@0_5x-600x600.jpg]
[nuss.uxper.co/boutique-hotel/wp-content/uploads/sites/2/2021/06/7d8045e4-90a9-4a2b-baff-94e6d0d3bb13_suzumeya-book-binding-grey-4@0_5x.jpg]
[nuss.uxper.co/boutique-hotel/wp-content/uploads/sites/2/2021/06/7d8045e4-90a9-4a2b-baff-94e6d0d3bb13_suzumeya-book-binding-grey-4@0_5x-100x100.jpg]
[nuss.uxper.co/boutique-hotel/wp-content/uploads/sites/2/2021/06/e7ffda57-a28b-4765-a5e5-daf5c94fb440_suzumeya-book-binding-grey-2@0_5x.jpg]
[nuss.uxper.co/boutique-hotel/product/words-waving-notebook/index.html]
[fonts.googleapis.com/css9f41.css]
[nuss.uxper.co/boutique-hotel/xmlrpc.php]
[nuss.uxper.co/boutique-hotel/wp-content/uploads/sites/2/2021/06/e7ffda57-a28b-4765-a5e5-daf5c94fb440_suzumeya-book-binding-grey-2@0_5x-100x100.jpg]
[nuss.uxper.co/boutique-hotel/breakfast-included-when-booking-the-junior-suite-copy/feed/index.html]
[nuss.uxper.co/boutique-hotel/wp-json/wp/v2/posts/433.json]
[nuss.uxper.co/boutique-hotel/breakfast-included-when-booking-the-junior-suite-copy/index.html]
[nuss.uxper.co/boutique-hotel/wp-content/uploads/sites/2/2021/06/post-3.jpg]
[nuss.uxper.co/boutique-hotel/wp-content/cache/autoptimize/2/css/autoptimize_9e6beae4543315037276a255e114859d.css]
[nuss.uxper.co/boutique-hotel/wp-content/fonts/cormorant-garamond/co3WmX5slCNuHLi8bLeY9MK7whWMhyjYrEPjuz-HzhWp_D95AnI.woff]
[nuss.uxper.co/boutique-hotel/wp-content/fonts/cormorant-garamond/co3WmX5slCNuHLi8bLeY9MK7whWMhyjYrEPjuz-OzhWp_D95AnI.woff]
[nuss.uxper.co/boutique-hotel/wp-content/fonts/cormorant-garamond/co3WmX5slCNuHLi8bLeY9MK7whWMhyjYrEPjuz-FzhWp_D95AnI.woff]
[nuss.uxper.co/boutique-hotel/wp-content/fonts/cormorant-garamond/co3WmX5slCNuHLi8bLeY9MK7whWMhyjYrEPjuz-EzhWp_D95AnI.woff]
[nuss.uxper.co/boutique-hotel/wp-content/fonts/cormorant-garamond/co3WmX5slCNuHLi8bLeY9MK7whWMhyjYrEPjuz-KzhWp_D95.woff]
[nuss.uxper.co/boutique-hotel/wp-content/fonts/cormorant-garamond/co3ZmX5slCNuHLi8bLeY9MK7whWMhyjYrEtFmSyn7B6DxjY.woff]
[nuss.uxper.co/boutique-hotel/wp-content/fonts/cormorant-garamond/co3ZmX5slCNuHLi8bLeY9MK7whWMhyjYrEtMmSyn7B6DxjY.woff]
[nuss.uxper.co/boutique-hotel/wp-content/fonts/cormorant-garamond/co3ZmX5slCNuHLi8bLeY9MK7whWMhyjYrEtHmSyn7B6DxjY.woff]
[nuss.uxper.co/boutique-hotel/wp-content/fonts/cormorant-garamond/co3ZmX5slCNuHLi8bLeY9MK7whWMhyjYrEtGmSyn7B6DxjY.woff]
[nuss.uxper.co/boutique-hotel/wp-content/fonts/cormorant-garamond/co3ZmX5slCNuHLi8bLeY9MK7whWMhyjYrEtImSyn7B6D.woff]
[nuss.uxper.co/boutique-hotel/wp-content/fonts/cormorant-garamond/co3WmX5slCNuHLi8bLeY9MK7whWMhyjYrEO7uj-HzhWp_D95AnI.woff]
[nuss.uxper.co/boutique-hotel/wp-content/fonts/cormorant-garamond/co3WmX5slCNuHLi8bLeY9MK7whWMhyjYrEO7uj-OzhWp_D95AnI.woff]
[nuss.uxper.co/boutique-hotel/wp-content/fonts/cormorant-garamond/co3WmX5slCNuHLi8bLeY9MK7whWMhyjYrEO7uj-FzhWp_D95AnI.woff]
[nuss.uxper.co/boutique-hotel/wp-content/fonts/cormorant-garamond/co3WmX5slCNuHLi8bLeY9MK7whWMhyjYrEO7uj-EzhWp_D95AnI.woff]
[nuss.uxper.co/boutique-hotel/wp-content/fonts/cormorant-garamond/co3WmX5slCNuHLi8bLeY9MK7whWMhyjYrEO7uj-KzhWp_D95.woff]
[nuss.uxper.co/boutique-hotel/wp-content/fonts/cormorant-garamond/co3WmX5slCNuHLi8bLeY9MK7whWMhyjYrEOXvT-HzhWp_D95AnI.woff]
[nuss.uxper.co/boutique-hotel/wp-content/fonts/cormorant-garamond/co3WmX5slCNuHLi8bLeY9MK7whWMhyjYrEOXvT-OzhWp_D95AnI.woff]
[nuss.uxper.co/boutique-hotel/wp-content/fonts/cormorant-garamond/co3WmX5slCNuHLi8bLeY9MK7whWMhyjYrEOXvT-FzhWp_D95AnI.woff]
[nuss.uxper.co/boutique-hotel/wp-content/fonts/cormorant-garamond/co3WmX5slCNuHLi8bLeY9MK7whWMhyjYrEOXvT-EzhWp_D95AnI.woff]
[nuss.uxper.co/boutique-hotel/wp-content/fonts/cormorant-garamond/co3WmX5slCNuHLi8bLeY9MK7whWMhyjYrEOXvT-KzhWp_D95.woff]
[nuss.uxper.co/boutique-hotel/wp-content/fonts/cormorant-garamond/co3WmX5slCNuHLi8bLeY9MK7whWMhyjYrEPzvD-HzhWp_D95AnI.woff]
[nuss.uxper.co/boutique-hotel/wp-content/fonts/cormorant-garamond/co3WmX5slCNuHLi8bLeY9MK7whWMhyjYrEPzvD-OzhWp_D95AnI.woff]
[nuss.uxper.co/boutique-hotel/wp-content/fonts/cormorant-garamond/co3WmX5slCNuHLi8bLeY9MK7whWMhyjYrEPzvD-FzhWp_D95AnI.woff]
[nuss.uxper.co/boutique-hotel/wp-content/fonts/cormorant-garamond/co3WmX5slCNuHLi8bLeY9MK7whWMhyjYrEPzvD-EzhWp_D95AnI.woff]
[nuss.uxper.co/boutique-hotel/wp-content/fonts/cormorant-garamond/co3WmX5slCNuHLi8bLeY9MK7whWMhyjYrEPzvD-KzhWp_D95.woff]
[nuss.uxper.co/boutique-hotel/wp-content/fonts/cormorant-garamond/co3YmX5slCNuHLi8bLeY9MK7whWMhyjQAllfsw-OxBSL_g94.woff]
[nuss.uxper.co/boutique-hotel/wp-content/fonts/cormorant-garamond/co3YmX5slCNuHLi8bLeY9MK7whWMhyjQAllfug-OxBSL_g94.woff]
[nuss.uxper.co/boutique-hotel/wp-content/fonts/cormorant-garamond/co3YmX5slCNuHLi8bLeY9MK7whWMhyjQAllfsQ-OxBSL_g94.woff]
[nuss.uxper.co/boutique-hotel/wp-content/fonts/cormorant-garamond/co3YmX5slCNuHLi8bLeY9MK7whWMhyjQAllfsA-OxBSL_g94.woff]
[nuss.uxper.co/boutique-hotel/wp-content/fonts/cormorant-garamond/co3YmX5slCNuHLi8bLeY9MK7whWMhyjQAllfvg-OxBSL_g.woff]
[nuss.uxper.co/boutique-hotel/wp-content/fonts/cormorant-garamond/co3bmX5slCNuHLi8bLeY9MK7whWMhyjYpHtMky2F7i6C.woff]
[nuss.uxper.co/boutique-hotel/wp-content/fonts/cormorant-garamond/co3bmX5slCNuHLi8bLeY9MK7whWMhyjYrXtMky2F7i6C.woff]
[nuss.uxper.co/boutique-hotel/wp-content/fonts/cormorant-garamond/co3bmX5slCNuHLi8bLeY9MK7whWMhyjYpntMky2F7i6C.woff]
[nuss.uxper.co/boutique-hotel/wp-content/fonts/cormorant-garamond/co3bmX5slCNuHLi8bLeY9MK7whWMhyjYp3tMky2F7i6C.woff]
[nuss.uxper.co/boutique-hotel/wp-content/fonts/cormorant-garamond/co3bmX5slCNuHLi8bLeY9MK7whWMhyjYqXtMky2F7g.woff]
[nuss.uxper.co/boutique-hotel/wp-content/fonts/cormorant-garamond/co3YmX5slCNuHLi8bLeY9MK7whWMhyjQWlhfsw-OxBSL_g94.woff]
[nuss.uxper.co/boutique-hotel/wp-content/fonts/cormorant-garamond/co3YmX5slCNuHLi8bLeY9MK7whWMhyjQWlhfug-OxBSL_g94.woff]
[nuss.uxper.co/boutique-hotel/wp-content/fonts/cormorant-garamond/co3YmX5slCNuHLi8bLeY9MK7whWMhyjQWlhfsQ-OxBSL_g94.woff]
[nuss.uxper.co/boutique-hotel/wp-content/fonts/cormorant-garamond/co3YmX5slCNuHLi8bLeY9MK7whWMhyjQWlhfsA-OxBSL_g94.woff]
[nuss.uxper.co/boutique-hotel/wp-content/fonts/cormorant-garamond/co3YmX5slCNuHLi8bLeY9MK7whWMhyjQWlhfvg-OxBSL_g.woff]
[nuss.uxper.co/boutique-hotel/wp-content/fonts/cormorant-garamond/co3YmX5slCNuHLi8bLeY9MK7whWMhyjQdl9fsw-OxBSL_g94.woff]
[nuss.uxper.co/boutique-hotel/wp-content/fonts/cormorant-garamond/co3YmX5slCNuHLi8bLeY9MK7whWMhyjQdl9fug-OxBSL_g94.woff]
[nuss.uxper.co/boutique-hotel/wp-content/fonts/cormorant-garamond/co3YmX5slCNuHLi8bLeY9MK7whWMhyjQdl9fsQ-OxBSL_g94.woff]
[nuss.uxper.co/boutique-hotel/wp-content/fonts/cormorant-garamond/co3YmX5slCNuHLi8bLeY9MK7whWMhyjQdl9fsA-OxBSL_g94.woff]
[nuss.uxper.co/boutique-hotel/wp-content/fonts/cormorant-garamond/co3YmX5slCNuHLi8bLeY9MK7whWMhyjQdl9fvg-OxBSL_g.woff]
[nuss.uxper.co/boutique-hotel/wp-content/fonts/cormorant-garamond/co3YmX5slCNuHLi8bLeY9MK7whWMhyjQEl5fsw-OxBSL_g94.woff]
[nuss.uxper.co/boutique-hotel/wp-content/fonts/cormorant-garamond/co3YmX5slCNuHLi8bLeY9MK7whWMhyjQEl5fug-OxBSL_g94.woff]
[nuss.uxper.co/boutique-hotel/wp-content/fonts/cormorant-garamond/co3YmX5slCNuHLi8bLeY9MK7whWMhyjQEl5fsQ-OxBSL_g94.woff]
[nuss.uxper.co/boutique-hotel/wp-content/fonts/cormorant-garamond/co3YmX5slCNuHLi8bLeY9MK7whWMhyjQEl5fsA-OxBSL_g94.woff]
[nuss.uxper.co/boutique-hotel/wp-content/fonts/cormorant-garamond/co3YmX5slCNuHLi8bLeY9MK7whWMhyjQEl5fvg-OxBSL_g.woff]
[nuss.uxper.co/boutique-hotel/benefits-of-having-online-registration-at-your-hotel/index6809.html]
[nuss.uxper.co/boutique-hotel/breakfast-included-when-booking-the-junior-suite-copy-copy/feed/index.html]
[nuss.uxper.co/boutique-hotel/wp-json/wp/v2/posts/435.json]
[nuss.uxper.co/boutique-hotel/breakfast-included-when-booking-the-junior-suite-copy-copy/index.html]
[nuss.uxper.co/boutique-hotel/wp-content/uploads/sites/2/2021/04/post-1.jpg]
[nuss.uxper.co/boutique-hotel/breakfast-included-when-booking-the-junior-suite/feed/index.html]
[nuss.uxper.co/boutique-hotel/wp-json/wp/v2/posts/431.json]
[nuss.uxper.co/boutique-hotel/breakfast-included-when-booking-the-junior-suite/index.html]
[nuss.uxper.co/boutique-hotel/blog/page/2/index.html]
[nuss.uxper.co/boutique-hotel/wp-content/uploads/sites/2/2021/06/post-2.jpg]
[nuss.uxper.co/boutique-hotel/product-category/lifestyle/feed/index.html]
[nuss.uxper.co/boutique-hotel/product-category/lifestyle/index.html]
[nuss.uxper.co/boutique-hotel/wp-json/wp/v2/product_cat/39.json]
[nuss.uxper.co/boutique-hotel/product-category/jewelry/index.html]
[nuss.uxper.co/boutique-hotel/wp-json/wp/v2/product_cat/36.json]
[nuss.uxper.co/boutique-hotel/product-category/jewelry/feed/index.html]
[nuss.uxper.co/boutique-hotel/product-category/tableware/feed/index.html]
[nuss.uxper.co/boutique-hotel/product-category/tableware/index.html]
[nuss.uxper.co/boutique-hotel/wp-json/wp/v2/product_cat/37.json]
[nuss.uxper.co/boutique-hotel/product-category/decoration/feed/index.html]
[nuss.uxper.co/boutique-hotel/product-category/decoration/index.html]
[nuss.uxper.co/boutique-hotel/wp-json/wp/v2/product_cat/38.json]
[nuss.uxper.co/boutique-hotel/comments/feed/index.html]
[nuss.uxper.co/boutique-hotel/feed/index.html]
[nuss.uxper.co/boutique-hotel/wp-includes/js/jquery/jquery.min.js]
[nuss.uxper.co/boutique-hotel/wp-content/uploads/sites/2/2021/06/cropped-site_icon-100x100.png]
[nuss.uxper.co/boutique-hotel/wp-content/uploads/sites/2/2021/05/El-Moderne-_Habitaciones24_ALTA.jpg]
[nuss.uxper.co/boutique-hotel/wp-content/uploads/sites/2/2021/11/photo-1598901865264-4f5f30954532.jpg]
[nuss.uxper.co/boutique-hotel/wp-json/index.html]
[nuss.uxper.co/boutique-hotel/wp-content/fonts/cormorant-garamond/co3WmX5slCNuHLi8bLeY9MK7whWMhyjYrEPjuz-HzhO7_w.woff2]
[nuss.uxper.co/boutique-hotel/wp-content/fonts/cormorant-garamond/co3WmX5slCNuHLi8bLeY9MK7whWMhyjYrEPjuz-OzhO7_w.woff2]
[nuss.uxper.co/boutique-hotel/wp-content/fonts/cormorant-garamond/co3WmX5slCNuHLi8bLeY9MK7whWMhyjYrEPjuz-FzhO7_w.woff2]
[nuss.uxper.co/boutique-hotel/wp-content/fonts/cormorant-garamond/co3WmX5slCNuHLi8bLeY9MK7whWMhyjYrEPjuz-EzhO7_w.woff2]
[nuss.uxper.co/boutique-hotel/wp-json/wp/v2/pages/12.json]
[nuss.uxper.co/boutique-hotel/wp-content/fonts/cormorant-garamond/co3WmX5slCNuHLi8bLeY9MK7whWMhyjYrEPjuz-KzhM.woff2]
[nuss.uxper.co/boutique-hotel/wp-content/fonts/cormorant-garamond/co3ZmX5slCNuHLi8bLeY9MK7whWMhyjYrEtFmSq17w.woff2]
[nuss.uxper.co/boutique-hotel/wp-content/plugins/woocommerce/assets/fonts/WooCommerce.woff2]
[nuss.uxper.co/boutique-hotel/wp-content/fonts/cormorant-garamond/co3ZmX5slCNuHLi8bLeY9MK7whWMhyjYrEtMmSq17w.woff2]
[nuss.uxper.co/boutique-hotel/wp-content/fonts/cormorant-garamond/co3ZmX5slCNuHLi8bLeY9MK7whWMhyjYrEtHmSq17w.woff2]
[nuss.uxper.co/boutique-hotel/wp-content/fonts/cormorant-garamond/co3ZmX5slCNuHLi8bLeY9MK7whWMhyjYrEtGmSq17w.woff2]
[nuss.uxper.co/boutique-hotel/wp-content/fonts/cormorant-garamond/co3ZmX5slCNuHLi8bLeY9MK7whWMhyjYrEtImSo.woff2]
[nuss.uxper.co/boutique-hotel/wp-content/fonts/cormorant-garamond/co3WmX5slCNuHLi8bLeY9MK7whWMhyjYrEO7uj-HzhO7_w.woff2]
[nuss.uxper.co/boutique-hotel/wp-content/fonts/cormorant-garamond/co3WmX5slCNuHLi8bLeY9MK7whWMhyjYrEO7uj-OzhO7_w.woff2]
[nuss.uxper.co/boutique-hotel/wp-content/fonts/cormorant-garamond/co3WmX5slCNuHLi8bLeY9MK7whWMhyjYrEO7uj-FzhO7_w.woff2]
[nuss.uxper.co/boutique-hotel/wp-content/fonts/cormorant-garamond/co3WmX5slCNuHLi8bLeY9MK7whWMhyjYrEO7uj-EzhO7_w.woff2]
[nuss.uxper.co/boutique-hotel/wp-content/fonts/cormorant-garamond/co3WmX5slCNuHLi8bLeY9MK7whWMhyjYrEO7uj-KzhM.woff2]
[nuss.uxper.co/boutique-hotel/wp-content/themes/nuss/assets/images/left-arrow.png]
[nuss.uxper.co/boutique-hotel/wp-content/fonts/cormorant-garamond/co3WmX5slCNuHLi8bLeY9MK7whWMhyjYrEOXvT-HzhO7_w.woff2]
[nuss.uxper.co/boutique-hotel/wp-content/fonts/cormorant-garamond/co3WmX5slCNuHLi8bLeY9MK7whWMhyjYrEOXvT-OzhO7_w.woff2]
[nuss.uxper.co/boutique-hotel/wp-content/fonts/cormorant-garamond/co3WmX5slCNuHLi8bLeY9MK7whWMhyjYrEOXvT-FzhO7_w.woff2]
[nuss.uxper.co/boutique-hotel/wp-content/fonts/cormorant-garamond/co3WmX5slCNuHLi8bLeY9MK7whWMhyjYrEOXvT-EzhO7_w.woff2]
[nuss.uxper.co/boutique-hotel/wp-content/fonts/cormorant-garamond/co3WmX5slCNuHLi8bLeY9MK7whWMhyjYrEOXvT-KzhM.woff2]
[nuss.uxper.co/boutique-hotel/wp-content/fonts/cormorant-garamond/co3WmX5slCNuHLi8bLeY9MK7whWMhyjYrEPzvD-HzhO7_w.woff2]
[nuss.uxper.co/boutique-hotel/wp-content/fonts/cormorant-garamond/co3WmX5slCNuHLi8bLeY9MK7whWMhyjYrEPzvD-OzhO7_w.woff2]
[nuss.uxper.co/boutique-hotel/wp-content/fonts/cormorant-garamond/co3WmX5slCNuHLi8bLeY9MK7whWMhyjYrEPzvD-FzhO7_w.woff2]
[nuss.uxper.co/boutique-hotel/wp-content/fonts/cormorant-garamond/co3WmX5slCNuHLi8bLeY9MK7whWMhyjYrEPzvD-KzhM.woff2]
[nuss.uxper.co/boutique-hotel/wp-content/fonts/cormorant-garamond/co3WmX5slCNuHLi8bLeY9MK7whWMhyjYrEPzvD-EzhO7_w.woff2]
[nuss.uxper.co/boutique-hotel/wp-content/fonts/cormorant-garamond/co3YmX5slCNuHLi8bLeY9MK7whWMhyjQAllfsw-I1hc.woff2]
[nuss.uxper.co/boutique-hotel/wp-content/fonts/cormorant-garamond/co3YmX5slCNuHLi8bLeY9MK7whWMhyjQAllfug-I1hc.woff2]
[nuss.uxper.co/boutique-hotel/wp-content/fonts/cormorant-garamond/co3YmX5slCNuHLi8bLeY9MK7whWMhyjQAllfsQ-I1hc.woff2]
[nuss.uxper.co/boutique-hotel/wp-content/fonts/cormorant-garamond/co3YmX5slCNuHLi8bLeY9MK7whWMhyjQAllfsA-I1hc.woff2]
[nuss.uxper.co/boutique-hotel/wp-content/fonts/cormorant-garamond/co3YmX5slCNuHLi8bLeY9MK7whWMhyjQAllfvg-I.woff2]
[nuss.uxper.co/boutique-hotel/wp-content/fonts/cormorant-garamond/co3bmX5slCNuHLi8bLeY9MK7whWMhyjYpHtKgS4.woff2]
[nuss.uxper.co/boutique-hotel/wp-content/themes/nuss/assets/libs/font-awesome/webfonts/fa-brands-400.eot]
[nuss.uxper.co/boutique-hotel/wp-content/fonts/cormorant-garamond/co3bmX5slCNuHLi8bLeY9MK7whWMhyjYrXtKgS4.woff2]
[nuss.uxper.co/boutique-hotel/wp-content/fonts/cormorant-garamond/co3bmX5slCNuHLi8bLeY9MK7whWMhyjYpntKgS4.woff2]
[nuss.uxper.co/boutique-hotel/wp-content/fonts/cormorant-garamond/co3bmX5slCNuHLi8bLeY9MK7whWMhyjYp3tKgS4.woff2]
[nuss.uxper.co/boutique-hotel/wp-content/fonts/cormorant-garamond/co3bmX5slCNuHLi8bLeY9MK7whWMhyjYqXtK.woff2]
[nuss.uxper.co/boutique-hotel/wp-content/fonts/cormorant-garamond/co3YmX5slCNuHLi8bLeY9MK7whWMhyjQWlhfsw-I1hc.woff2]
[nuss.uxper.co/boutique-hotel/wp-content/fonts/cormorant-garamond/co3YmX5slCNuHLi8bLeY9MK7whWMhyjQWlhfug-I1hc.woff2]
[nuss.uxper.co/boutique-hotel/wp-content/fonts/cormorant-garamond/co3YmX5slCNuHLi8bLeY9MK7whWMhyjQWlhfsQ-I1hc.woff2]
[nuss.uxper.co/boutique-hotel/wp-content/fonts/cormorant-garamond/co3YmX5slCNuHLi8bLeY9MK7whWMhyjQWlhfsA-I1hc.woff2]
[nuss.uxper.co/boutique-hotel/wp-content/fonts/cormorant-garamond/co3YmX5slCNuHLi8bLeY9MK7whWMhyjQWlhfvg-I.woff2]
[nuss.uxper.co/boutique-hotel/wp-content/themes/nuss/assets/libs/lightgallery/fonts/lgd641.eot]
[nuss.uxper.co/boutique-hotel/wp-content/fonts/cormorant-garamond/co3YmX5slCNuHLi8bLeY9MK7whWMhyjQdl9fsw-I1hc.woff2]
[nuss.uxper.co/boutique-hotel/wp-content/fonts/cormorant-garamond/co3YmX5slCNuHLi8bLeY9MK7whWMhyjQdl9fug-I1hc.woff2]
[nuss.uxper.co/boutique-hotel/wp-content/fonts/cormorant-garamond/co3YmX5slCNuHLi8bLeY9MK7whWMhyjQdl9fsQ-I1hc.woff2]
[nuss.uxper.co/boutique-hotel/wp-content/fonts/cormorant-garamond/co3YmX5slCNuHLi8bLeY9MK7whWMhyjQdl9fsA-I1hc.woff2]
[nuss.uxper.co/boutique-hotel/wp-content/fonts/cormorant-garamond/co3YmX5slCNuHLi8bLeY9MK7whWMhyjQdl9fvg-I.woff2]
[nuss.uxper.co/boutique-hotel/wp-content/fonts/cormorant-garamond/co3YmX5slCNuHLi8bLeY9MK7whWMhyjQEl5fsw-I1hc.woff2]
[nuss.uxper.co/boutique-hotel/wp-content/fonts/cormorant-garamond/co3YmX5slCNuHLi8bLeY9MK7whWMhyjQEl5fug-I1hc.woff2]
[nuss.uxper.co/boutique-hotel/wp-content/fonts/cormorant-garamond/co3YmX5slCNuHLi8bLeY9MK7whWMhyjQEl5fsQ-I1hc.woff2]
[nuss.uxper.co/boutique-hotel/wp-content/fonts/cormorant-garamond/co3YmX5slCNuHLi8bLeY9MK7whWMhyjQEl5fsA-I1hc.woff2]
[nuss.uxper.co/boutique-hotel/wp-content/themes/nuss/assets/fonts/jost/Jost-BookItalic.woff2]
[nuss.uxper.co/boutique-hotel/wp-content/fonts/cormorant-garamond/co3YmX5slCNuHLi8bLeY9MK7whWMhyjQEl5fvg-I.woff2]
[nuss.uxper.co/boutique-hotel/wp-content/uploads/sites/2/elementor/thumbs/covid-19-update-paxrr88v4oyyg6u8f0e0wmcibl3y4yeqqsr2wkb0jk.png]
[nuss.uxper.co/boutique-hotel/wp-content/uploads/sites/2/2021/05/El-Moderne-_Habitaciones29_ALTA.jpg]
[nuss.uxper.co/boutique-hotel/wp-content/uploads/sites/2/2021/06/bg-video-restaurant.mp4]
[nuss.uxper.co/boutique-hotel/wp-content/uploads/sites/2/2021/05/El-Moderne-_Habitaciones17-570x420.jpg]
[nuss.uxper.co/boutique-hotel/wp-content/uploads/sites/2/2021/06/bg-video-massge.mp4]
[nuss.uxper.co/boutique-hotel/wp-content/themes/nuss/assets/fonts/CormorantGaramond/CormorantGaramond-Italic.woff2]
[nuss.uxper.co/boutique-hotel/wp-content/uploads/sites/2/2024/01/ezgif.jpg]
[nuss.uxper.co/boutique-hotel/wp-content/uploads/sites/2/2024/01/resort-2.jpg]
[nuss.uxper.co/boutique-hotel/wp-content/uploads/sites/2/2024/01/boutiq.jpg]
[nuss.uxper.co/boutique-hotel/wp-content/uploads/sites/2/2024/01/resort-3.jpg]
[nuss.uxper.co/boutique-hotel/wp-content/uploads/sites/2/2024/01/tree.jpg]
[nuss.uxper.co/boutique-hotel/wp-content/themes/nuss/assets/libs/lightgallery/js/lightgallery-all.min.js]
[nuss.uxper.co/boutique-hotel/wp-content/plugins/elementor/assets/js/frontend-modules.min.js]
[nuss.uxper.co/boutique-hotel/wp-content/themes/nuss/assets/libs/swiper/js/swiper.min.js]
[nuss.uxper.co/boutique-hotel/wp-content/plugins/elementor/assets/lib/eicons/fonts/eicons8016.eot]
[nuss.uxper.co/boutique-hotel/wp-content/plugins/elfsight-instagram-feed-cc/assets/elfsight-instagram-feed.js]
[nuss.uxper.co/boutique-hotel/ux_room/feed/index.html]
[nuss.uxper.co/boutique-hotel/wp-content/plugins/uxper-booking/assets/libs/lightgallery/img/loading.gif]
[nuss.uxper.co/boutique-hotel/wp-content/cache/autoptimize/2/css/autoptimize_06612800ebf4cf7aba2fb8ecab1323b0.css]
[nuss.uxper.co/boutique-hotel/wp-content/uploads/sites/2/2021/05/El-Moderne-_Habitaciones50_ALTA-1-510x360.jpg]
[nuss.uxper.co/boutique-hotel/wp-content/uploads/sites/2/2021/05/El-Moderne-_Habitaciones35_ALTA-510x360.jpg]
[nuss.uxper.co/boutique-hotel/wp-content/uploads/sites/2/2021/05/El-Moderne-_Habitaciones02_ALTA-510x360.jpg]
[nuss.uxper.co/boutique-hotel/wp-content/cache/autoptimize/2/css/autoptimize_645e25746732f92ab8912b8a07744c57.css]
[nuss.uxper.co/boutique-hotel/wp-content/uploads/sites/2/2021/05/El-Moderne-_Habitaciones16_ALTA-510x360.jpg]
[nuss.uxper.co/boutique-hotel/wp-content/uploads/sites/2/nuss/header/header-01.css]
[nuss.uxper.co/boutique-hotel/wp-content/uploads/sites/2/2021/05/El-Moderne-_Habitaciones25_ALTA-510x360.jpg]
[nuss.uxper.co/boutique-hotel/wp-content/cache/autoptimize/2/css/autoptimize_single_818012e4388a3ce13001eeaba0a6c771.css]
[nuss.uxper.co/boutique-hotel/wp-content/uploads/sites/2/2021/05/El-Moderne-_Habitaciones08_ALTA-510x360.jpg]
[nuss.uxper.co/boutique-hotel/wp-content/cache/autoptimize/2/css/autoptimize_single_71440b59ee4be0e755ccad2305999d0e.css]
[nuss.uxper.co/boutique-hotel/wp-content/uploads/sites/2/2021/05/El-Moderne-_Habitaciones44_ALTA-1-510x360.jpg]
[nuss.uxper.co/boutique-hotel/wp-content/uploads/sites/2/2021/05/El-Moderne-_Habitaciones10_ALTA-510x360.jpg]
[nuss.uxper.co/boutique-hotel/wp-content/cache/autoptimize/2/css/autoptimize_single_69dde41a6bda34fabeffb015b825987a.css]
[nuss.uxper.co/boutique-hotel/wp-json/wp/v2/pages/4406.json]
[nuss.uxper.co/boutique-hotel/wp-json/wp/v2/pages/4450.json]
[nuss.uxper.co/boutique-hotel/wp-json/wp/v2/pages/4462.json]
[nuss.uxper.co/boutique-hotel/wp-content/uploads/sites/2/2021/04/airport-pickup.jpg]
[nuss.uxper.co/boutique-hotel/ux_room/index.html]
[nuss.uxper.co/boutique-hotel/wp-content/uploads/sites/2/2021/06/logo-white-boutiqe.svg]
[nuss.uxper.co/boutique-hotel/wp-content/uploads/sites/2/2021/05/El-Moderne-_Habitaciones44_ALTA-1-1920x650.jpg]
[nuss.uxper.co/boutique-hotel/wp-content/uploads/sites/2/2021/05/El-Moderne-_Habitaciones37_ALTA-1-1920x650.jpg]
[nuss.uxper.co/boutique-hotel/wp-content/themes/nuss/inc/elementor/assets/js/widgets/widget-availability-calendar.js]
[nuss.uxper.co/boutique-hotel/wp-json/wp/v2/pages/5844.json]
[nuss.uxper.co/boutique-hotel/hotel-junes-upcoming-artist-in-residence/index.html]
[nuss.uxper.co/boutique-hotel/wp-json/wp/v2/pages/1867.json]
[nuss.uxper.co/boutique-hotel/wp-content/uploads/sites/2/2021/06/res-3.jpg]
[nuss.uxper.co/boutique-hotel/wp-json/wp/v2/pages/4265.json]
[nuss.uxper.co/boutique-hotel/wp-content/uploads/sites/2/2021/06/post-6-840x540.jpg]
[nuss.uxper.co/boutique-hotel/wp-content/uploads/sites/2/2021/05/sig.png]
[nuss.uxper.co/boutique-hotel/wp-json/wp/v2/pages/4267.json]
[nuss.uxper.co/boutique-hotel/wp-content/uploads/sites/2/2021/06/about-1.jpg]
[nuss.uxper.co/boutique-hotel/wp-content/uploads/sites/2/2021/05/El-Moderne-_Terraza04_ALTA_hor.jpg]
[nuss.uxper.co/boutique-hotel/wp-json/wp/v2/pages/2103.json]
[nuss.uxper.co/boutique-hotel/wp-json/wp/v2/pages/4269.json]
[nuss.uxper.co/boutique-hotel/wp-content/cache/autoptimize/2/css/autoptimize_single_510beb153d4a625fa5b3eb2e5b1190eb.css]
[nuss.uxper.co/boutique-hotel/wp-content/uploads/sites/2/2021/07/photo-1521917441209-e886f0404a7b.jpg]
[nuss.uxper.co/boutique-hotel/wp-json/wp/v2/pages/2104.json]
[nuss.uxper.co/boutique-hotel/wp-content/uploads/sites/2/2021/06/res-1.jpg]
[nuss.uxper.co/boutique-hotel/wp-content/cache/autoptimize/2/css/autoptimize_single_cf5bd157865f7c43aaf1964fbc2d2b13.css]
[nuss.uxper.co/boutique-hotel/wp-content/uploads/sites/2/2021/06/video-spa.mp4]
[nuss.uxper.co/boutique-hotel/wp-json/wp/v2/pages/612.json]
[nuss.uxper.co/boutique-hotel/wp-content/uploads/sites/2/2021/05/ico-pause-black.png]
[nuss.uxper.co/boutique-hotel/wp-content/themes/nuss/inc/elementor/assets/js/widgets/widget-video.js]
[nuss.uxper.co/boutique-hotel/wp-json/wp/v2/pages/2108.json]
[nuss.uxper.co/boutique-hotel/wp-content/uploads/sites/2/2021/06/bg-meeting-room.jpg]
[nuss.uxper.co/boutique-hotel/wp-json/wp/v2/pages/2109.json]
[nuss.uxper.co/boutique-hotel/wp-json/wp/v2/pages/2107.json]
[nuss.uxper.co/boutique-hotel/shop/feed/index.html]
[nuss.uxper.co/boutique-hotel/wp-content/uploads/sites/2/2021/06/photo-1510954919461-227e3cecb102.jpg]
[nuss.uxper.co/boutique-hotel/wp-content/uploads/sites/2/2021/06/cooking-class.jpg]
[nuss.uxper.co/boutique-hotel/wp-content/uploads/sites/2/2021/06/bg-restaurant.jpg]
[nuss.uxper.co/boutique-hotel/wp-json/wp/v2/pages/2106.json]
[nuss.uxper.co/boutique-hotel/wp-json/wp/v2/pages/647.json]
[nuss.uxper.co/boutique-hotel/wp-json/wp/v2/pages/2100.json]
[nuss.uxper.co/boutique-hotel/wp-content/themes/nuss/assets/js/grid-layout.html]
[nuss.uxper.co/boutique-hotel/wp-content/themes/nuss/assets/libs/gmap3/gmap3.min.js]
[nuss.uxper.co/boutique-hotel/wp-content/themes/nuss/inc/elementor/assets/js/widgets/widget-google-map.js]
[nuss.uxper.co/boutique-hotel/wp-json/wp/v2/pages/2101.json]
[nuss.uxper.co/boutique-hotel/wp-json/wp/v2/pages/2102.json]
[nuss.uxper.co/boutique-hotel/privacy-policy/feed/index.html]
[nuss.uxper.co/boutique-hotel/wp-json/wp/v2/pages/2105.json]
[nuss.uxper.co/boutique-hotel/wp-json/wp/v2/pages/3.json]
[nuss.uxper.co/boutique-hotel/wp-content/uploads/sites/2/2021/05/El-Moderne-_Habitaciones17-1920x650.jpg]
[nuss.uxper.co/boutique-hotel/wp-content/uploads/sites/2/2021/05/El-Moderne-_Habitaciones23_ALTA.jpg]
[gmpg.org/xfn/default.css]
[nuss.uxper.co/boutique-hotel/wp-content/cache/autoptimize/2/css/autoptimize_e5797154ea8d964556b1d9bcd7f86e1f.css]
[nuss.uxper.co/boutique-hotel/hotel-junes-upcoming-artist-in-residence/feed/index.html]
[nuss.uxper.co/boutique-hotel/wp-includes/js/comment-reply.min.js]
[nuss.uxper.co/boutique-hotel/wp-content/uploads/sites/2/2021/07/Artboard.png]
[nuss.uxper.co/boutique-hotel/wp-json/wp/v2/posts/2388.json]
[nuss.uxper.co/boutique-hotel/category/offer/feed/index.html]
[nuss.uxper.co/boutique-hotel/cottonwood-cove-resort-marina/feed/index.html]
[nuss.uxper.co/boutique-hotel/ux_room_type/double-room/index.html]
[nuss.uxper.co/boutique-hotel/wp-json/wp/v2/categories/32.json]
[nuss.uxper.co/boutique-hotel/wp-content/cache/autoptimize/2/css/autoptimize_763278d48a49e10673d6ff2b085b5261.css]
[nuss.uxper.co/boutique-hotel/benefits-of-having-online-registration-at-your-hotel/feed/index.html]
[nuss.uxper.co/boutique-hotel/category/news/feed/index.html]
[nuss.uxper.co/boutique-hotel/wp-json/wp/v2/posts/2389.json]
[nuss.uxper.co/boutique-hotel/wp-content/cache/autoptimize/2/css/autoptimize_single_6c9995f09719dfff5e23bad5a39ff6ee.css]
[nuss.uxper.co/boutique-hotel/wp-json/wp/v2/posts/2363.json]
[nuss.uxper.co/boutique-hotel/wp-json/wp/v2/categories/31.json]
[nuss.uxper.co/boutique-hotel/ux_room_type/double-room/feed/index.html]
[nuss.uxper.co/boutique-hotel/ux_room_type/triple-room/feed/index.html]
[nuss.uxper.co/boutique-hotel/ux_room_type/single-room/feed/index.html]
[nuss.uxper.co/boutique-hotel/ux_room_type/junior-suite/feed/index.html]
[nuss.uxper.co/boutique-hotel/ux_room_type/family-suite/feed/index.html]
[nuss.uxper.co/boutique-hotel/headwaters-at-eagle-ranch-resort/feed/index.html]
[nuss.uxper.co/boutique-hotel/ux_room_type/family-suite/index.html]
[nuss.uxper.co/boutique-hotel/wp-content/cache/autoptimize/2/css/autoptimize_single_d9b6c8c24370644f0af531c5c0d91baf.css]
[nuss.uxper.co/boutique-hotel/food-rocks-food-festival-lyme-regis/feed/index.html]
[nuss.uxper.co/boutique-hotel/your-hotel-digital-marketing-checklist/feed/index.html]
[nuss.uxper.co/boutique-hotel/wp-json/wp/v2/posts/2364.json]
[nuss.uxper.co/boutique-hotel/wp-json/wp/v2/posts/2365.json]
[nuss.uxper.co/boutique-hotel/seascape-coastal-retreat-cottages/feed/index.html]
[nuss.uxper.co/boutique-hotel/wp-json/wp/v2/posts/2366.json]
[nuss.uxper.co/boutique-hotel/3-steps-to-streamline-your-hotels-social-media-strategy/feed/index.html]
[nuss.uxper.co/boutique-hotel/wp-json/wp/v2/posts/2367.json]
[nuss.uxper.co/boutique-hotel/is-your-hotel-ready-for-summer-vacation-2021/feed/index.html]
[nuss.uxper.co/boutique-hotel/room-list/page/2/index.html]
[nuss.uxper.co/boutique-hotel/wp-content/cache/autoptimize/2/css/autoptimize_single_49c611897905c09435bfed21f439947b.css]
[nuss.uxper.co/boutique-hotel/wp-content/plugins/woocommerce/assets/js/zoom/jquery.zoom.min.js]
[nuss.uxper.co/boutique-hotel/wp-json/wp/v2/posts/2368.json]
[nuss.uxper.co/boutique-hotel/wp-content/uploads/sites/2/2021/04/dresser-drawers-2.svg]
[nuss.uxper.co/boutique-hotel/product/cute-reading-distractor-bookmark/feed/index.html]
[nuss.uxper.co/boutique-hotel/wp-content/plugins/woocommerce/assets/js/photoswipe/photoswipe.min.js]
[nuss.uxper.co/boutique-hotel/wp-content/plugins/woocommerce/assets/js/photoswipe/photoswipe-ui-default.min.js]
[nuss.uxper.co/boutique-hotel/wp-content/uploads/sites/2/2021/06/breakfast-cereal.svg]
[nuss.uxper.co/boutique-hotel/wp-json/wp/v2/posts/2369.json]
[nuss.uxper.co/boutique-hotel/wp-content/plugins/woocommerce/assets/js/frontend/single-product.min.js]
[nuss.uxper.co/boutique-hotel/wp-content/uploads/sites/2/2021/04/modern-tv-flat.svg]
[nuss.uxper.co/boutique-hotel/wp-content/uploads/sites/2/2021/04/bathroom-hair-dryer.svg]
[nuss.uxper.co/boutique-hotel/wp-content/uploads/sites/2/2021/06/20e57096-34b8-4e75-b7e4-055798ab3af8_japangraph-bookmark-2@0_5x-100x100.jpg]
[nuss.uxper.co/boutique-hotel/wp-content/uploads/sites/2/2021/04/laundry-iron.svg]
[nuss.uxper.co/boutique-hotel/wp-content/uploads/sites/2/2021/06/ff8385ad-b6ee-4267-b469-f2f6fb3da77f_japangraph-bookmark-3@0_5x-100x100.jpg]
[nuss.uxper.co/boutique-hotel/wp-json/wp/v2/product/3034.json]
[nuss.uxper.co/boutique-hotel/wp-content/uploads/sites/2/2021/04/tea-kettle-1.svg]
[nuss.uxper.co/boutique-hotel/wp-content/uploads/sites/2/2021/04/saving-safe-1.svg]
[nuss.uxper.co/boutique-hotel/product/kintsugi-ring/feed/index.html]
[nuss.uxper.co/boutique-hotel/wp-content/uploads/sites/2/2021/04/bathroom-tub-towel.svg]
[nuss.uxper.co/boutique-hotel/wp-content/uploads/sites/2/2021/06/dce40578-5537-4483-8737-229a7b10503c_ayako-ring-blue-3@0_5x-100x100.jpg]
[nuss.uxper.co/boutique-hotel/wp-content/uploads/sites/2/2021/04/answer-machine.svg]
[nuss.uxper.co/boutique-hotel/wp-json/wp/v2/product/3046.json]
[nuss.uxper.co/boutique-hotel/wp-content/uploads/sites/2/2021/06/def8fe2d-8aa0-4f1f-9824-1ff3c1e97628_ayako-ring-blue-2@0_5x-100x100.jpg]
[nuss.uxper.co/boutique-hotel/wp-content/uploads/sites/2/2021/04/bathroom-hanger-1.svg]
[nuss.uxper.co/boutique-hotel/product/little-breath-vase/feed/index.html]
[nuss.uxper.co/boutique-hotel/wp-content/uploads/sites/2/2021/04/wifi-check.svg]
[nuss.uxper.co/boutique-hotel/wp-content/uploads/sites/2/2021/04/office-chair-table.svg]
[nuss.uxper.co/boutique-hotel/wp-content/uploads/sites/2/2021/06/e9ed3a97-7a96-442a-a079-9acb65dc663c_tokinoha-vase-round-white-3@0_5x-100x100.jpg]
[nuss.uxper.co/boutique-hotel/wp-content/uploads/sites/2/2021/06/49bbeefe-c6f8-4d88-8a06-e8d3265f9f07_tokinoha-vase-round-white-2@0_5x-100x100.jpg]
[nuss.uxper.co/boutique-hotel/wp-json/wp/v2/product/3030.json]
[nuss.uxper.co/boutique-hotel/wp-content/cache/autoptimize/2/css/autoptimize_ecf4d7c8cdd91093e3d6c5c8e6a727d8.css]
[nuss.uxper.co/boutique-hotel/product/night-time-treat-beer-glass/feed/index.html]
[nuss.uxper.co/boutique-hotel/wp-content/cache/autoptimize/2/css/autoptimize_single_43b14b8b41e7b16c68c7d20b0437ad03.css]
[nuss.uxper.co/boutique-hotel/wp-content/cache/autoptimize/2/css/autoptimize_df8fd1b3375db734a5dead98dfab393b.css]
[nuss.uxper.co/boutique-hotel/wp-content/cache/autoptimize/2/css/autoptimize_single_ad0732fedae764a22e596d0217537656.css]
[nuss.uxper.co/boutique-hotel/wp-content/uploads/sites/2/2021/06/a49e6285-f893-4111-b1be-4cbf60b5c84e_tokinoha-glass-white-4@0_5x-100x100.jpg]
[nuss.uxper.co/boutique-hotel/wp-json/wp/v2/product/3042.json]
[nuss.uxper.co/boutique-hotel/product/normal-special-day-bowl/feed/index.html]
[nuss.uxper.co/boutique-hotel/wp-json/wp/v2/product/3018.json]
[nuss.uxper.co/boutique-hotel/wp-content/uploads/sites/2/2021/06/3604bfb7-242b-47a2-af9b-cffbf55858d1_tokinoha-bowl-white-2@0_5x-100x100.jpg]
[nuss.uxper.co/boutique-hotel/wp-content/uploads/sites/2/2021/06/25aac58a-8f9e-4a6f-820b-facb860a9068_tokinoha-bowl-green-4@0_5x-100x100.jpg]
[nuss.uxper.co/boutique-hotel/product/parisian-wabi-sabi-vase/feed/index.html]
[nuss.uxper.co/boutique-hotel/blog/index.html]
[nuss.uxper.co/boutique-hotel/wp-content/uploads/sites/2/2021/06/6981da46-1e16-434d-b94b-88e7e4f3034f_ishikawa-vase-white-2@0_5x-100x100.jpg]
[nuss.uxper.co/boutique-hotel/wp-json/wp/v2/product/3038.json]
[nuss.uxper.co/boutique-hotel/wp-content/uploads/sites/2/2021/06/a8d55ad0-028e-4156-b2f1-a1c099092ce9_ishikawa-vase-white-4@0_5x-100x100.jpg]
[nuss.uxper.co/boutique-hotel/product/poetry-notebook/feed/index.html]
[nuss.uxper.co/boutique-hotel/headwaters-at-eagle-ranch-resort/index.html]
[nuss.uxper.co/boutique-hotel/wp-json/wp/v2/product/3022.json]
[nuss.uxper.co/boutique-hotel/wp-content/uploads/sites/2/2021/06/62a8709a-a232-4e4a-b8c0-2ea0bc449a5f_suzumeya-book-ink-red-3@0_5x-100x100.jpg]
[nuss.uxper.co/boutique-hotel/wp-content/uploads/sites/2/2021/06/a63141df-2bea-44e8-975d-b2ae3dd62be5_suzumeya-book-ink-red-2@0_5x-100x100.jpg]
[nuss.uxper.co/boutique-hotel/product/words-waving-notebook/feed/index.html]
[nuss.uxper.co/boutique-hotel/wp-content/uploads/sites/2/2021/06/7d8045e4-90a9-4a2b-baff-94e6d0d3bb13_suzumeya-book-binding-grey-4@0_5x-100x100.jpg]
[nuss.uxper.co/boutique-hotel/wp-json/wp/v2/product/3026.json]
[nuss.uxper.co/boutique-hotel/food-rocks-food-festival-lyme-regis/index.html]
[nuss.uxper.co/boutique-hotel/wp-content/uploads/sites/2/2021/06/e7ffda57-a28b-4765-a5e5-daf5c94fb440_suzumeya-book-binding-grey-2@0_5x-100x100.jpg]
[nuss.uxper.co/boutique-hotel/breakfast-included-when-booking-the-junior-suite-copy/feed/index.html]
[nuss.uxper.co/boutique-hotel/wp-content/fonts/cormorant-garamond/co3WmX5slCNuHLi8bLeY9MK7whWMhyjYrEPjuz-HzhWp_D95AnI.woff]
[nuss.uxper.co/boutique-hotel/wp-content/fonts/cormorant-garamond/co3WmX5slCNuHLi8bLeY9MK7whWMhyjYrEPjuz-OzhWp_D95AnI.woff]
[nuss.uxper.co/boutique-hotel/wp-json/wp/v2/posts/433.json]
[nuss.uxper.co/boutique-hotel/wp-content/fonts/cormorant-garamond/co3WmX5slCNuHLi8bLeY9MK7whWMhyjYrEPjuz-FzhWp_D95AnI.woff]
[nuss.uxper.co/boutique-hotel/wp-content/fonts/cormorant-garamond/co3WmX5slCNuHLi8bLeY9MK7whWMhyjYrEPjuz-EzhWp_D95AnI.woff]
[nuss.uxper.co/boutique-hotel/wp-content/fonts/cormorant-garamond/co3WmX5slCNuHLi8bLeY9MK7whWMhyjYrEPjuz-KzhWp_D95.woff]
[nuss.uxper.co/boutique-hotel/wp-content/fonts/cormorant-garamond/co3ZmX5slCNuHLi8bLeY9MK7whWMhyjYrEtFmSyn7B6DxjY.woff]
[nuss.uxper.co/boutique-hotel/wp-content/fonts/cormorant-garamond/co3ZmX5slCNuHLi8bLeY9MK7whWMhyjYrEtMmSyn7B6DxjY.woff]
[nuss.uxper.co/boutique-hotel/wp-content/fonts/cormorant-garamond/co3ZmX5slCNuHLi8bLeY9MK7whWMhyjYrEtHmSyn7B6DxjY.woff]
[nuss.uxper.co/boutique-hotel/wp-content/fonts/cormorant-garamond/co3ZmX5slCNuHLi8bLeY9MK7whWMhyjYrEtGmSyn7B6DxjY.woff]
[nuss.uxper.co/boutique-hotel/wp-content/fonts/cormorant-garamond/co3ZmX5slCNuHLi8bLeY9MK7whWMhyjYrEtImSyn7B6D.woff]
[nuss.uxper.co/boutique-hotel/wp-content/fonts/cormorant-garamond/co3WmX5slCNuHLi8bLeY9MK7whWMhyjYrEO7uj-HzhWp_D95AnI.woff]
[nuss.uxper.co/boutique-hotel/3-steps-to-streamline-your-hotels-social-media-strategy/index.html]
[nuss.uxper.co/boutique-hotel/wp-content/fonts/cormorant-garamond/co3WmX5slCNuHLi8bLeY9MK7whWMhyjYrEO7uj-OzhWp_D95AnI.woff]
[nuss.uxper.co/boutique-hotel/wp-content/fonts/cormorant-garamond/co3WmX5slCNuHLi8bLeY9MK7whWMhyjYrEO7uj-FzhWp_D95AnI.woff]
[nuss.uxper.co/boutique-hotel/wp-content/fonts/cormorant-garamond/co3WmX5slCNuHLi8bLeY9MK7whWMhyjYrEO7uj-EzhWp_D95AnI.woff]
[nuss.uxper.co/boutique-hotel/wp-content/fonts/cormorant-garamond/co3WmX5slCNuHLi8bLeY9MK7whWMhyjYrEO7uj-KzhWp_D95.woff]
[nuss.uxper.co/boutique-hotel/wp-content/cache/autoptimize/2/css/autoptimize_single_526b8d460fe30bf1ebb33771dba42d24.css]
[nuss.uxper.co/boutique-hotel/wp-content/fonts/cormorant-garamond/co3WmX5slCNuHLi8bLeY9MK7whWMhyjYrEOXvT-HzhWp_D95AnI.woff]
[nuss.uxper.co/boutique-hotel/wp-content/fonts/cormorant-garamond/co3WmX5slCNuHLi8bLeY9MK7whWMhyjYrEOXvT-OzhWp_D95AnI.woff]
[nuss.uxper.co/boutique-hotel/wp-content/fonts/cormorant-garamond/co3WmX5slCNuHLi8bLeY9MK7whWMhyjYrEOXvT-FzhWp_D95AnI.woff]
[nuss.uxper.co/boutique-hotel/wp-content/cache/autoptimize/2/css/autoptimize_single_d7009da7db72d1facc557f51b375e687.css]
[nuss.uxper.co/boutique-hotel/wp-content/fonts/cormorant-garamond/co3WmX5slCNuHLi8bLeY9MK7whWMhyjYrEOXvT-EzhWp_D95AnI.woff]
[nuss.uxper.co/boutique-hotel/wp-content/fonts/cormorant-garamond/co3WmX5slCNuHLi8bLeY9MK7whWMhyjYrEOXvT-KzhWp_D95.woff]
[nuss.uxper.co/boutique-hotel/wp-content/fonts/cormorant-garamond/co3WmX5slCNuHLi8bLeY9MK7whWMhyjYrEPzvD-HzhWp_D95AnI.woff]
[nuss.uxper.co/boutique-hotel/wp-content/fonts/cormorant-garamond/co3WmX5slCNuHLi8bLeY9MK7whWMhyjYrEPzvD-OzhWp_D95AnI.woff]
[nuss.uxper.co/boutique-hotel/wp-content/fonts/cormorant-garamond/co3WmX5slCNuHLi8bLeY9MK7whWMhyjYrEPzvD-FzhWp_D95AnI.woff]
[nuss.uxper.co/boutique-hotel/wp-content/fonts/cormorant-garamond/co3WmX5slCNuHLi8bLeY9MK7whWMhyjYrEPzvD-EzhWp_D95AnI.woff]
[nuss.uxper.co/boutique-hotel/wp-content/fonts/cormorant-garamond/co3WmX5slCNuHLi8bLeY9MK7whWMhyjYrEPzvD-KzhWp_D95.woff]
[nuss.uxper.co/boutique-hotel/wp-content/fonts/cormorant-garamond/co3YmX5slCNuHLi8bLeY9MK7whWMhyjQAllfsw-OxBSL_g94.woff]
[nuss.uxper.co/boutique-hotel/wp-content/fonts/cormorant-garamond/co3YmX5slCNuHLi8bLeY9MK7whWMhyjQAllfug-OxBSL_g94.woff]
[nuss.uxper.co/boutique-hotel/wp-content/fonts/cormorant-garamond/co3YmX5slCNuHLi8bLeY9MK7whWMhyjQAllfsQ-OxBSL_g94.woff]
[nuss.uxper.co/boutique-hotel/wp-content/fonts/cormorant-garamond/co3YmX5slCNuHLi8bLeY9MK7whWMhyjQAllfsA-OxBSL_g94.woff]
[nuss.uxper.co/boutique-hotel/wp-content/fonts/cormorant-garamond/co3YmX5slCNuHLi8bLeY9MK7whWMhyjQAllfvg-OxBSL_g.woff]
[nuss.uxper.co/boutique-hotel/wp-content/fonts/cormorant-garamond/co3bmX5slCNuHLi8bLeY9MK7whWMhyjYpHtMky2F7i6C.woff]
[nuss.uxper.co/boutique-hotel/wp-content/fonts/cormorant-garamond/co3bmX5slCNuHLi8bLeY9MK7whWMhyjYpntMky2F7i6C.woff]
[nuss.uxper.co/boutique-hotel/wp-content/fonts/cormorant-garamond/co3bmX5slCNuHLi8bLeY9MK7whWMhyjYrXtMky2F7i6C.woff]
[nuss.uxper.co/boutique-hotel/wp-content/fonts/cormorant-garamond/co3bmX5slCNuHLi8bLeY9MK7whWMhyjYp3tMky2F7i6C.woff]
[nuss.uxper.co/boutique-hotel/wp-content/fonts/cormorant-garamond/co3bmX5slCNuHLi8bLeY9MK7whWMhyjYqXtMky2F7g.woff]
[nuss.uxper.co/boutique-hotel/wp-content/fonts/cormorant-garamond/co3YmX5slCNuHLi8bLeY9MK7whWMhyjQWlhfsw-OxBSL_g94.woff]
[nuss.uxper.co/boutique-hotel/wp-content/fonts/cormorant-garamond/co3YmX5slCNuHLi8bLeY9MK7whWMhyjQWlhfug-OxBSL_g94.woff]
[nuss.uxper.co/boutique-hotel/wp-content/fonts/cormorant-garamond/co3YmX5slCNuHLi8bLeY9MK7whWMhyjQWlhfsQ-OxBSL_g94.woff]
[nuss.uxper.co/boutique-hotel/wp-content/fonts/cormorant-garamond/co3YmX5slCNuHLi8bLeY9MK7whWMhyjQWlhfsA-OxBSL_g94.woff]
[nuss.uxper.co/boutique-hotel/wp-content/fonts/cormorant-garamond/co3YmX5slCNuHLi8bLeY9MK7whWMhyjQWlhfvg-OxBSL_g.woff]
[nuss.uxper.co/boutique-hotel/wp-content/fonts/cormorant-garamond/co3YmX5slCNuHLi8bLeY9MK7whWMhyjQdl9fsw-OxBSL_g94.woff]
[nuss.uxper.co/boutique-hotel/wp-content/fonts/cormorant-garamond/co3YmX5slCNuHLi8bLeY9MK7whWMhyjQdl9fug-OxBSL_g94.woff]
[nuss.uxper.co/boutique-hotel/blog-standard/page/2/index.html]
[nuss.uxper.co/boutique-hotel/wp-content/fonts/cormorant-garamond/co3YmX5slCNuHLi8bLeY9MK7whWMhyjQdl9fsQ-OxBSL_g94.woff]
[nuss.uxper.co/boutique-hotel/wp-content/fonts/cormorant-garamond/co3YmX5slCNuHLi8bLeY9MK7whWMhyjQdl9fsA-OxBSL_g94.woff]
[nuss.uxper.co/boutique-hotel/wp-content/fonts/cormorant-garamond/co3YmX5slCNuHLi8bLeY9MK7whWMhyjQdl9fvg-OxBSL_g.woff]
[nuss.uxper.co/boutique-hotel/wp-content/fonts/cormorant-garamond/co3YmX5slCNuHLi8bLeY9MK7whWMhyjQEl5fsw-OxBSL_g94.woff]
[nuss.uxper.co/boutique-hotel/wp-content/cache/autoptimize/2/css/autoptimize_single_bd35cff376d69d2e6ee6d4730bf4c5da.css]
[nuss.uxper.co/boutique-hotel/wp-content/fonts/cormorant-garamond/co3YmX5slCNuHLi8bLeY9MK7whWMhyjQEl5fug-OxBSL_g94.woff]
[nuss.uxper.co/boutique-hotel/wp-content/fonts/cormorant-garamond/co3YmX5slCNuHLi8bLeY9MK7whWMhyjQEl5fsQ-OxBSL_g94.woff]
[nuss.uxper.co/boutique-hotel/wp-content/fonts/cormorant-garamond/co3YmX5slCNuHLi8bLeY9MK7whWMhyjQEl5fsA-OxBSL_g94.woff]
[fonts.googleapis.com/cssb19c.css]
[nuss.uxper.co/boutique-hotel/wp-content/fonts/cormorant-garamond/co3YmX5slCNuHLi8bLeY9MK7whWMhyjQEl5fvg-OxBSL_g.woff]
[nuss.uxper.co/boutique-hotel/breakfast-included-when-booking-the-junior-suite-copy-copy/feed/index.html]
[nuss.uxper.co/boutique-hotel/wp-content/cache/autoptimize/2/css/autoptimize_single_c1d69e4899f3d371dd31d17b13653292.css]
[nuss.uxper.co/boutique-hotel/breakfast-included-when-booking-the-junior-suite/feed/index.html]
[nuss.uxper.co/boutique-hotel/wp-json/wp/v2/posts/435.json]
[nuss.uxper.co/boutique-hotel/product-category/lifestyle/feed/index.html]
[nuss.uxper.co/boutique-hotel/product-category/jewelry/feed/index.html]
[nuss.uxper.co/boutique-hotel/wp-json/wp/v2/posts/431.json]
[nuss.uxper.co/boutique-hotel/wp-json/wp/v2/product_cat/39.json]
[nuss.uxper.co/boutique-hotel/product-category/tableware/feed/index.html]
[nuss.uxper.co/boutique-hotel/product-category/decoration/feed/index.html]
[nuss.uxper.co/boutique-hotel/wp-json/wp/v2/product_cat/36.json]
[nuss.uxper.co/boutique-hotel/wp-content/themes/nuss/assets/libs/font-awesome/webfonts/fa-brands-400.eot]
[nuss.uxper.co/boutique-hotel/wp-json/wp/v2/product_cat/37.json]
[nuss.uxper.co/boutique-hotel/wp-content/themes/nuss/assets/fonts/jost/Jost-BookItalic.woff2]
[nuss.uxper.co/boutique-hotel/wp-content/themes/nuss/assets/fonts/CormorantGaramond/CormorantGaramond-Italic.woff2]
[nuss.uxper.co/boutique-hotel/wp-content/cache/autoptimize/2/css/autoptimize_single_2f0f74c622a35b99994d87955792561c.css]
[nuss.uxper.co/boutique-hotel/wp-content/cache/autoptimize/2/css/autoptimize_single_d47d9f2962c8445a9c8798c870484f52.css]
[nuss.uxper.co/boutique-hotel/wp-content/cache/autoptimize/2/css/autoptimize_single_fd98e159a24368a2218f73a1718f2085.css]
[nuss.uxper.co/boutique-hotel/wp-content/cache/autoptimize/2/css/autoptimize_single_29753c6120417723252a07d9c2d418ff.css]
[nuss.uxper.co/boutique-hotel/wp-content/cache/autoptimize/2/css/autoptimize_single_fa7615c10b486c51c292b64e77ef62d3.css]
[nuss.uxper.co/boutique-hotel/wp-content/themes/nuss/assets/libs/lightgallery/fonts/lgd641.eot]
[nuss.uxper.co/boutique-hotel/product/cute-reading-distractor-bookmark/index.html]
[nuss.uxper.co/boutique-hotel/wp-content/plugins/elementor/assets/lib/eicons/fonts/eicons8016.eot]
[nuss.uxper.co/boutique-hotel/product/kintsugi-ring/index.html]
[nuss.uxper.co/boutique-hotel/product/little-breath-vase/index.html]
[nuss.uxper.co/boutique-hotel/product/night-time-treat-beer-glass/index.html]
[nuss.uxper.co/boutique-hotel/product/normal-special-day-bowl/index.html]
[nuss.uxper.co/boutique-hotel/product/parisian-wabi-sabi-vase/index.html]
[nuss.uxper.co/boutique-hotel/product/poetry-notebook/index.html]
[nuss.uxper.co/boutique-hotel/product/words-waving-notebook/index.html]
[nuss.uxper.co/boutique-hotel/wp-content/cache/autoptimize/2/css/autoptimize_single_c89eaf5da15139946550626a9834a2e5.css]
[nuss.uxper.co/boutique-hotel/wp-content/cache/autoptimize/2/css/autoptimize_single_4180df91fa59e3bc441d8ec809516604.css]
[nuss.uxper.co/boutique-hotel/wp-content/cache/autoptimize/2/css/autoptimize_single_a9f524eb67ecb43e19b77c6531362051.css]
[nuss.uxper.co/boutique-hotel/wp-content/cache/autoptimize/2/css/autoptimize_single_a227bbb9abb04efd7c0db8dcddd3af5e.css]
[nuss.uxper.co/boutique-hotel/wp-content/cache/autoptimize/2/css/autoptimize_single_127baf91767d26019fdf78c76f993d00.css]
[fonts.googleapis.com/css9f41.css]
[nuss.uxper.co/boutique-hotel/wp-content/cache/autoptimize/2/css/autoptimize_single_42161bab2d00f3284b898672c915ae3f.css]
[nuss.uxper.co/boutique-hotel/wp-content/cache/autoptimize/2/css/autoptimize_b3e9d2efdb0c9781244bd21e00a265d1.css]
[nuss.uxper.co/boutique-hotel/wp-content/cache/autoptimize/2/css/autoptimize_single_95e9e755c3424c1a12456bf90f96a31b.css]
[nuss.uxper.co/boutique-hotel/xmlrpc.php]
[nuss.uxper.co/boutique-hotel/breakfast-included-when-booking-the-junior-suite-copy/index.html]
[nuss.uxper.co/boutique-hotel/breakfast-included-when-booking-the-junior-suite-copy-copy/index.html]
[nuss.uxper.co/boutique-hotel/breakfast-included-when-booking-the-junior-suite/index.html]
[nuss.uxper.co/boutique-hotel/blog/page/2/index.html]
[nuss.uxper.co/boutique-hotel/wp-content/cache/autoptimize/2/css/autoptimize_bb7c942205888c960e9e74f7f7c5df05.css]
[nuss.uxper.co/boutique-hotel/wp-content/plugins/woocommerce/assets/css/photoswipe/default-skin/default-skin.png]
[nuss.uxper.co/boutique-hotel/product-category/lifestyle/index.html]
[nuss.uxper.co/boutique-hotel/product-category/jewelry/index.html]
[nuss.uxper.co/boutique-hotel/product-category/tableware/index.html]
[nuss.uxper.co/boutique-hotel/product-category/decoration/index.html]
[nuss.uxper.co/boutique-hotel/wp-content/cache/autoptimize/2/css/autoptimize_9e6beae4543315037276a255e114859d.css]
[nuss.uxper.co/boutique-hotel/wp-json/wp/v2/product_cat/38.json]
